[2025-10-05 06:27:54,909][INFO] ============================================================
[2025-10-05 06:27:54,909][INFO] Composition Training - FINAL FIXED VERSION
[2025-10-05 06:27:54,909][INFO] Model: 1L-1H-92D
[2025-10-05 06:27:54,909][INFO] Data: data/simple_graph/trackB_0.0_alpine_style
[2025-10-05 06:27:54,909][INFO] Train file: train.bin
[2025-10-05 06:27:54,909][INFO] Output dir: out/unknown_unknown_d92_seed42_20251005_062754
[2025-10-05 06:27:54,909][INFO] ============================================================
[2025-10-05 06:27:54,913][INFO] Vocab size: 92, Block size: 32
[2025-10-05 06:27:55,595][INFO] Model initialized: 0.11M parameters
[2025-10-05 06:27:55,596][INFO] Starting training...
[2025-10-05 06:27:58,506][INFO] Iter     0 | Loss: train=nan, val=4.5575 | Acc: S1->S2=0.0%, S2->S3=0.0%, S1->S3=0.0%
[2025-10-05 06:28:05,451][INFO] Iter  1000 | Loss: train=2.9866, val=1.7033 | Acc: S1->S2=32.0%, S2->S3=90.0%, S1->S3=74.0%
[2025-10-05 06:28:12,359][INFO] Iter  2000 | Loss: train=1.2704, val=1.2187 | Acc: S1->S2=96.0%, S2->S3=94.0%, S1->S3=100.0%
[2025-10-05 06:28:19,214][INFO] Iter  3000 | Loss: train=1.1143, val=1.1940 | Acc: S1->S2=98.0%, S2->S3=100.0%, S1->S3=100.0%
[2025-10-05 06:28:26,091][INFO] Iter  4000 | Loss: train=1.0834, val=1.2195 | Acc: S1->S2=100.0%, S2->S3=96.0%, S1->S3=100.0%
[2025-10-05 06:28:32,969][INFO] Iter  5000 | Loss: train=1.0562, val=1.2419 | Acc: S1->S2=100.0%, S2->S3=100.0%, S1->S3=100.0%
[2025-10-05 06:28:32,974][INFO] Checkpoint saved to out/unknown_unknown_d92_seed42_20251005_062754/ckpt_5000.pt
[2025-10-05 06:28:39,861][INFO] Iter  6000 | Loss: train=1.0260, val=1.2859 | Acc: S1->S2=100.0%, S2->S3=100.0%, S1->S3=100.0%
[2025-10-05 06:28:46,741][INFO] Iter  7000 | Loss: train=0.9953, val=1.2690 | Acc: S1->S2=98.0%, S2->S3=100.0%, S1->S3=98.0%
[2025-10-05 06:28:53,617][INFO] Iter  8000 | Loss: train=0.9664, val=1.3369 | Acc: S1->S2=96.0%, S2->S3=98.0%, S1->S3=96.0%
[2025-10-05 06:29:00,607][INFO] Iter  9000 | Loss: train=0.9394, val=1.3942 | Acc: S1->S2=94.0%, S2->S3=96.0%, S1->S3=98.0%
[2025-10-05 06:29:07,528][INFO] Iter 10000 | Loss: train=0.9148, val=1.4055 | Acc: S1->S2=98.0%, S2->S3=96.0%, S1->S3=100.0%
[2025-10-05 06:29:07,532][INFO] Checkpoint saved to out/unknown_unknown_d92_seed42_20251005_062754/ckpt_10000.pt
[2025-10-05 06:29:14,421][INFO] Iter 11000 | Loss: train=0.8928, val=1.4657 | Acc: S1->S2=100.0%, S2->S3=98.0%, S1->S3=98.0%
[2025-10-05 06:29:21,301][INFO] Iter 12000 | Loss: train=0.8712, val=1.5510 | Acc: S1->S2=100.0%, S2->S3=100.0%, S1->S3=100.0%
[2025-10-05 06:29:28,185][INFO] Iter 13000 | Loss: train=0.8521, val=1.5755 | Acc: S1->S2=96.0%, S2->S3=100.0%, S1->S3=96.0%
[2025-10-05 06:29:35,235][INFO] Iter 14000 | Loss: train=0.8353, val=1.6398 | Acc: S1->S2=98.0%, S2->S3=98.0%, S1->S3=96.0%
[2025-10-05 06:29:42,154][INFO] Iter 15000 | Loss: train=0.8211, val=1.6750 | Acc: S1->S2=98.0%, S2->S3=96.0%, S1->S3=100.0%
[2025-10-05 06:29:42,159][INFO] Checkpoint saved to out/unknown_unknown_d92_seed42_20251005_062754/ckpt_15000.pt
[2025-10-05 06:29:49,077][INFO] Iter 16000 | Loss: train=0.8111, val=1.6241 | Acc: S1->S2=96.0%, S2->S3=100.0%, S1->S3=100.0%
[2025-10-05 06:29:55,990][INFO] Iter 17000 | Loss: train=0.8022, val=1.6731 | Acc: S1->S2=94.0%, S2->S3=98.0%, S1->S3=100.0%
[2025-10-05 06:30:02,889][INFO] Iter 18000 | Loss: train=0.7966, val=1.7224 | Acc: S1->S2=92.0%, S2->S3=100.0%, S1->S3=98.0%
[2025-10-05 06:30:09,793][INFO] Iter 19000 | Loss: train=0.7899, val=1.7481 | Acc: S1->S2=94.0%, S2->S3=100.0%, S1->S3=96.0%
[2025-10-05 06:30:16,675][INFO] Iter 20000 | Loss: train=0.7865, val=1.7823 | Acc: S1->S2=92.0%, S2->S3=98.0%, S1->S3=98.0%
[2025-10-05 06:30:16,681][INFO] Checkpoint saved to out/unknown_unknown_d92_seed42_20251005_062754/ckpt_20000.pt
[2025-10-05 06:30:23,564][INFO] Iter 21000 | Loss: train=0.7821, val=1.7568 | Acc: S1->S2=94.0%, S2->S3=100.0%, S1->S3=98.0%
[2025-10-05 06:30:30,443][INFO] Iter 22000 | Loss: train=0.7799, val=1.7674 | Acc: S1->S2=96.0%, S2->S3=98.0%, S1->S3=96.0%
[2025-10-05 06:30:37,330][INFO] Iter 23000 | Loss: train=0.7769, val=1.7599 | Acc: S1->S2=90.0%, S2->S3=98.0%, S1->S3=96.0%
[2025-10-05 06:30:44,194][INFO] Iter 24000 | Loss: train=0.7744, val=1.7859 | Acc: S1->S2=98.0%, S2->S3=98.0%, S1->S3=100.0%
[2025-10-05 06:30:51,085][INFO] Iter 25000 | Loss: train=0.7728, val=1.8157 | Acc: S1->S2=98.0%, S2->S3=100.0%, S1->S3=98.0%
[2025-10-05 06:30:51,090][INFO] Checkpoint saved to out/unknown_unknown_d92_seed42_20251005_062754/ckpt_25000.pt
[2025-10-05 06:30:57,969][INFO] Iter 26000 | Loss: train=0.7706, val=1.8049 | Acc: S1->S2=96.0%, S2->S3=96.0%, S1->S3=98.0%
[2025-10-05 06:31:04,838][INFO] Iter 27000 | Loss: train=0.7693, val=1.8092 | Acc: S1->S2=94.0%, S2->S3=100.0%, S1->S3=96.0%
[2025-10-05 06:31:11,734][INFO] Iter 28000 | Loss: train=0.7677, val=1.7901 | Acc: S1->S2=96.0%, S2->S3=98.0%, S1->S3=98.0%
[2025-10-05 06:31:18,618][INFO] Iter 29000 | Loss: train=0.7671, val=1.8060 | Acc: S1->S2=100.0%, S2->S3=98.0%, S1->S3=96.0%
[2025-10-05 06:31:25,579][INFO] Iter 30000 | Loss: train=0.7656, val=1.8411 | Acc: S1->S2=98.0%, S2->S3=98.0%, S1->S3=100.0%
[2025-10-05 06:31:25,585][INFO] Checkpoint saved to out/unknown_unknown_d92_seed42_20251005_062754/ckpt_30000.pt
[2025-10-05 06:31:32,471][INFO] Iter 31000 | Loss: train=0.7647, val=1.8628 | Acc: S1->S2=98.0%, S2->S3=98.0%, S1->S3=96.0%
[2025-10-05 06:31:39,353][INFO] Iter 32000 | Loss: train=0.7636, val=1.8519 | Acc: S1->S2=96.0%, S2->S3=96.0%, S1->S3=96.0%
[2025-10-05 06:31:46,234][INFO] Iter 33000 | Loss: train=0.7625, val=1.9222 | Acc: S1->S2=98.0%, S2->S3=96.0%, S1->S3=98.0%
[2025-10-05 06:31:53,128][INFO] Iter 34000 | Loss: train=0.7616, val=1.8629 | Acc: S1->S2=100.0%, S2->S3=98.0%, S1->S3=98.0%
[2025-10-05 06:31:59,997][INFO] Iter 35000 | Loss: train=0.7608, val=1.8847 | Acc: S1->S2=100.0%, S2->S3=94.0%, S1->S3=98.0%
[2025-10-05 06:32:00,002][INFO] Checkpoint saved to out/unknown_unknown_d92_seed42_20251005_062754/ckpt_35000.pt
[2025-10-05 06:32:06,877][INFO] Iter 36000 | Loss: train=0.7595, val=1.8471 | Acc: S1->S2=96.0%, S2->S3=100.0%, S1->S3=94.0%
[2025-10-05 06:32:13,872][INFO] Iter 37000 | Loss: train=0.7583, val=1.8762 | Acc: S1->S2=98.0%, S2->S3=100.0%, S1->S3=96.0%
[2025-10-05 06:32:20,744][INFO] Iter 38000 | Loss: train=0.7590, val=1.8521 | Acc: S1->S2=98.0%, S2->S3=98.0%, S1->S3=98.0%
[2025-10-05 06:32:27,624][INFO] Iter 39000 | Loss: train=0.7578, val=1.8753 | Acc: S1->S2=98.0%, S2->S3=96.0%, S1->S3=96.0%
[2025-10-05 06:32:34,509][INFO] Iter 40000 | Loss: train=0.7565, val=1.9150 | Acc: S1->S2=98.0%, S2->S3=98.0%, S1->S3=98.0%
[2025-10-05 06:32:34,514][INFO] Checkpoint saved to out/unknown_unknown_d92_seed42_20251005_062754/ckpt_40000.pt
[2025-10-05 06:32:41,525][INFO] Iter 41000 | Loss: train=0.7580, val=1.8791 | Acc: S1->S2=100.0%, S2->S3=100.0%, S1->S3=96.0%
[2025-10-05 06:32:48,437][INFO] Iter 42000 | Loss: train=0.7562, val=1.9439 | Acc: S1->S2=98.0%, S2->S3=92.0%, S1->S3=98.0%
[2025-10-05 06:32:55,326][INFO] Iter 43000 | Loss: train=0.7565, val=1.9406 | Acc: S1->S2=98.0%, S2->S3=98.0%, S1->S3=96.0%
[2025-10-05 06:33:02,294][INFO] Iter 44000 | Loss: train=0.7546, val=1.8868 | Acc: S1->S2=100.0%, S2->S3=98.0%, S1->S3=96.0%
[2025-10-05 06:33:09,171][INFO] Iter 45000 | Loss: train=0.7554, val=1.9005 | Acc: S1->S2=100.0%, S2->S3=98.0%, S1->S3=100.0%
[2025-10-05 06:33:09,177][INFO] Checkpoint saved to out/unknown_unknown_d92_seed42_20251005_062754/ckpt_45000.pt
[2025-10-05 06:33:16,062][INFO] Iter 46000 | Loss: train=0.7548, val=1.9990 | Acc: S1->S2=98.0%, S2->S3=96.0%, S1->S3=96.0%
[2025-10-05 06:33:22,956][INFO] Iter 47000 | Loss: train=0.7553, val=1.8684 | Acc: S1->S2=96.0%, S2->S3=98.0%, S1->S3=94.0%
[2025-10-05 06:33:29,833][INFO] Iter 48000 | Loss: train=0.7546, val=1.9417 | Acc: S1->S2=98.0%, S2->S3=96.0%, S1->S3=98.0%
[2025-10-05 06:33:36,713][INFO] Iter 49000 | Loss: train=0.7542, val=1.9131 | Acc: S1->S2=98.0%, S2->S3=98.0%, S1->S3=100.0%
[2025-10-05 06:33:43,598][INFO] Iter 50000 | Loss: train=0.7519, val=1.8752 | Acc: S1->S2=98.0%, S2->S3=98.0%, S1->S3=100.0%
[2025-10-05 06:33:43,604][INFO] Checkpoint saved to out/unknown_unknown_d92_seed42_20251005_062754/ckpt_50000.pt
[2025-10-05 06:33:43,604][INFO] 
Training finished! Results are in: out/unknown_unknown_d92_seed42_20251005_062754
