[2025-10-08 22:03:37,607][INFO] ============================================================
[2025-10-08 22:03:37,607][INFO] Composition Training - Graph Repair Experiment
[2025-10-08 22:03:37,607][INFO] Experiment: G_B_high
[2025-10-08 22:03:37,607][INFO] Model: 1L-1H-92D
[2025-10-08 22:03:37,607][INFO] Data: data/graph_repair_experiment/G_B_high
[2025-10-08 22:03:37,607][INFO] Train file: train_alpine.bin
[2025-10-08 22:03:37,607][INFO] Output dir: out/G_B_high_d92_seed42_20251008_220337
[2025-10-08 22:03:37,607][INFO] ============================================================
[2025-10-08 22:03:37,612][INFO] Vocab size: 92, Block size: 64
[2025-10-08 22:03:38,313][INFO] Model initialized: 0.12M parameters
[2025-10-08 22:03:38,313][INFO] Starting training...
[2025-10-08 22:03:48,623][INFO] Iter     0 | Loss: train=nan, val=4.5568 | Acc: S1->S2=0.0%, S2->S3=0.0%, S1->S3=0.0%
[2025-10-08 22:04:05,711][INFO] Iter  1000 | Loss: train=2.5427, val=1.1716 | Acc: S1->S2=84.8%, S2->S3=86.7%, S1->S3=94.4%
[2025-10-08 22:04:22,706][INFO] Iter  2000 | Loss: train=0.9884, val=0.9780 | Acc: S1->S2=98.0%, S2->S3=100.0%, S1->S3=100.0%
[2025-10-08 22:04:39,670][INFO] Iter  3000 | Loss: train=0.8965, val=0.9773 | Acc: S1->S2=99.0%, S2->S3=100.0%, S1->S3=100.0%
[2025-10-08 22:04:56,593][INFO] Iter  4000 | Loss: train=0.8579, val=1.0018 | Acc: S1->S2=100.0%, S2->S3=100.0%, S1->S3=100.0%
[2025-10-08 22:05:13,491][INFO] Iter  5000 | Loss: train=0.8240, val=1.0470 | Acc: S1->S2=100.0%, S2->S3=100.0%, S1->S3=99.4%
[2025-10-08 22:05:13,496][INFO] Checkpoint saved to out/G_B_high_d92_seed42_20251008_220337/ckpt_5000.pt
[2025-10-08 22:05:30,370][INFO] Iter  6000 | Loss: train=0.7876, val=1.0747 | Acc: S1->S2=99.0%, S2->S3=100.0%, S1->S3=99.4%
[2025-10-08 22:05:47,353][INFO] Iter  7000 | Loss: train=0.7503, val=1.1194 | Acc: S1->S2=100.0%, S2->S3=100.0%, S1->S3=100.0%
[2025-10-08 22:06:04,380][INFO] Iter  8000 | Loss: train=0.7165, val=1.2020 | Acc: S1->S2=100.0%, S2->S3=100.0%, S1->S3=100.0%
[2025-10-08 22:06:21,534][INFO] Iter  9000 | Loss: train=0.6857, val=1.2676 | Acc: S1->S2=99.0%, S2->S3=99.5%, S1->S3=99.4%
[2025-10-08 22:06:38,595][INFO] Iter 10000 | Loss: train=0.6608, val=1.3069 | Acc: S1->S2=99.0%, S2->S3=100.0%, S1->S3=99.4%
[2025-10-08 22:06:38,600][INFO] Checkpoint saved to out/G_B_high_d92_seed42_20251008_220337/ckpt_10000.pt
[2025-10-08 22:06:55,398][INFO] Iter 11000 | Loss: train=0.6371, val=1.3719 | Acc: S1->S2=98.0%, S2->S3=98.5%, S1->S3=98.8%
[2025-10-08 22:07:12,278][INFO] Iter 12000 | Loss: train=0.6170, val=1.4271 | Acc: S1->S2=96.0%, S2->S3=99.0%, S1->S3=98.1%
[2025-10-08 22:07:29,087][INFO] Iter 13000 | Loss: train=0.5996, val=1.5157 | Acc: S1->S2=96.0%, S2->S3=98.5%, S1->S3=97.5%
[2025-10-08 22:07:45,757][INFO] Iter 14000 | Loss: train=0.5848, val=1.5523 | Acc: S1->S2=99.0%, S2->S3=99.0%, S1->S3=98.8%
[2025-10-08 22:08:02,465][INFO] Iter 15000 | Loss: train=0.5732, val=1.5913 | Acc: S1->S2=100.0%, S2->S3=98.5%, S1->S3=100.0%
[2025-10-08 22:08:02,471][INFO] Checkpoint saved to out/G_B_high_d92_seed42_20251008_220337/ckpt_15000.pt
[2025-10-08 22:08:19,173][INFO] Iter 16000 | Loss: train=0.5617, val=1.6450 | Acc: S1->S2=99.0%, S2->S3=99.5%, S1->S3=98.8%
[2025-10-08 22:08:36,099][INFO] Iter 17000 | Loss: train=0.5530, val=1.6914 | Acc: S1->S2=98.0%, S2->S3=98.5%, S1->S3=98.8%
[2025-10-08 22:08:53,039][INFO] Iter 18000 | Loss: train=0.5455, val=1.7377 | Acc: S1->S2=100.0%, S2->S3=100.0%, S1->S3=98.1%
[2025-10-08 22:09:09,796][INFO] Iter 19000 | Loss: train=0.5384, val=1.7569 | Acc: S1->S2=100.0%, S2->S3=100.0%, S1->S3=98.1%
[2025-10-08 22:09:26,720][INFO] Iter 20000 | Loss: train=0.5334, val=1.8116 | Acc: S1->S2=99.0%, S2->S3=100.0%, S1->S3=100.0%
[2025-10-08 22:09:26,725][INFO] Checkpoint saved to out/G_B_high_d92_seed42_20251008_220337/ckpt_20000.pt
[2025-10-08 22:09:43,682][INFO] Iter 21000 | Loss: train=0.5287, val=1.8745 | Acc: S1->S2=98.0%, S2->S3=100.0%, S1->S3=98.1%
[2025-10-08 22:10:00,527][INFO] Iter 22000 | Loss: train=0.5248, val=1.8596 | Acc: S1->S2=99.0%, S2->S3=100.0%, S1->S3=99.4%
[2025-10-08 22:10:17,415][INFO] Iter 23000 | Loss: train=0.5218, val=1.9023 | Acc: S1->S2=99.0%, S2->S3=99.5%, S1->S3=98.1%
[2025-10-08 22:10:34,245][INFO] Iter 24000 | Loss: train=0.5189, val=1.8787 | Acc: S1->S2=100.0%, S2->S3=99.5%, S1->S3=98.1%
[2025-10-08 22:10:51,005][INFO] Iter 25000 | Loss: train=0.5162, val=1.9842 | Acc: S1->S2=99.0%, S2->S3=100.0%, S1->S3=99.4%
[2025-10-08 22:10:51,010][INFO] Checkpoint saved to out/G_B_high_d92_seed42_20251008_220337/ckpt_25000.pt
[2025-10-08 22:11:07,870][INFO] Iter 26000 | Loss: train=0.5149, val=1.9727 | Acc: S1->S2=100.0%, S2->S3=100.0%, S1->S3=98.8%
[2025-10-08 22:11:24,816][INFO] Iter 27000 | Loss: train=0.5118, val=1.9656 | Acc: S1->S2=100.0%, S2->S3=100.0%, S1->S3=98.8%
[2025-10-08 22:11:41,789][INFO] Iter 28000 | Loss: train=0.5100, val=2.0200 | Acc: S1->S2=100.0%, S2->S3=99.0%, S1->S3=100.0%
[2025-10-08 22:11:58,628][INFO] Iter 29000 | Loss: train=0.5085, val=2.0011 | Acc: S1->S2=99.0%, S2->S3=99.5%, S1->S3=98.1%
[2025-10-08 22:12:15,529][INFO] Iter 30000 | Loss: train=0.5074, val=1.9705 | Acc: S1->S2=98.0%, S2->S3=99.5%, S1->S3=100.0%
[2025-10-08 22:12:15,536][INFO] Checkpoint saved to out/G_B_high_d92_seed42_20251008_220337/ckpt_30000.pt
[2025-10-08 22:12:32,454][INFO] Iter 31000 | Loss: train=0.5064, val=2.0133 | Acc: S1->S2=97.0%, S2->S3=100.0%, S1->S3=98.8%
[2025-10-08 22:12:49,348][INFO] Iter 32000 | Loss: train=0.5056, val=2.0046 | Acc: S1->S2=100.0%, S2->S3=100.0%, S1->S3=98.1%
[2025-10-08 22:13:06,144][INFO] Iter 33000 | Loss: train=0.5046, val=2.0823 | Acc: S1->S2=99.0%, S2->S3=100.0%, S1->S3=99.4%
[2025-10-08 22:13:23,088][INFO] Iter 34000 | Loss: train=0.5030, val=2.0617 | Acc: S1->S2=97.0%, S2->S3=100.0%, S1->S3=99.4%
[2025-10-08 22:13:40,374][INFO] Iter 35000 | Loss: train=0.5026, val=2.0747 | Acc: S1->S2=99.0%, S2->S3=100.0%, S1->S3=99.4%
[2025-10-08 22:13:40,379][INFO] Checkpoint saved to out/G_B_high_d92_seed42_20251008_220337/ckpt_35000.pt
[2025-10-08 22:13:59,213][INFO] Iter 36000 | Loss: train=0.5020, val=2.0657 | Acc: S1->S2=100.0%, S2->S3=100.0%, S1->S3=99.4%
[2025-10-08 22:14:17,709][INFO] Iter 37000 | Loss: train=0.5013, val=2.1157 | Acc: S1->S2=99.0%, S2->S3=100.0%, S1->S3=99.4%
[2025-10-08 22:14:34,893][INFO] Iter 38000 | Loss: train=0.5003, val=2.1001 | Acc: S1->S2=98.0%, S2->S3=100.0%, S1->S3=100.0%
[2025-10-08 22:14:51,900][INFO] Iter 39000 | Loss: train=0.4999, val=2.1089 | Acc: S1->S2=99.0%, S2->S3=100.0%, S1->S3=99.4%
[2025-10-08 22:15:08,598][INFO] Iter 40000 | Loss: train=0.4986, val=2.1405 | Acc: S1->S2=99.0%, S2->S3=100.0%, S1->S3=99.4%
[2025-10-08 22:15:08,604][INFO] Checkpoint saved to out/G_B_high_d92_seed42_20251008_220337/ckpt_40000.pt
[2025-10-08 22:15:25,406][INFO] Iter 41000 | Loss: train=0.4993, val=2.1369 | Acc: S1->S2=100.0%, S2->S3=100.0%, S1->S3=100.0%
[2025-10-08 22:15:42,195][INFO] Iter 42000 | Loss: train=0.4980, val=2.0785 | Acc: S1->S2=99.0%, S2->S3=100.0%, S1->S3=99.4%
[2025-10-08 22:15:58,992][INFO] Iter 43000 | Loss: train=0.4981, val=2.1443 | Acc: S1->S2=99.0%, S2->S3=99.5%, S1->S3=100.0%
[2025-10-08 22:16:15,946][INFO] Iter 44000 | Loss: train=0.4978, val=2.1524 | Acc: S1->S2=100.0%, S2->S3=100.0%, S1->S3=99.4%
[2025-10-08 22:16:32,841][INFO] Iter 45000 | Loss: train=0.4972, val=2.1734 | Acc: S1->S2=99.0%, S2->S3=100.0%, S1->S3=100.0%
[2025-10-08 22:16:32,846][INFO] Checkpoint saved to out/G_B_high_d92_seed42_20251008_220337/ckpt_45000.pt
[2025-10-08 22:16:49,814][INFO] Iter 46000 | Loss: train=0.4962, val=2.1992 | Acc: S1->S2=99.0%, S2->S3=100.0%, S1->S3=99.4%
[2025-10-08 22:17:06,957][INFO] Iter 47000 | Loss: train=0.4963, val=2.1257 | Acc: S1->S2=99.0%, S2->S3=100.0%, S1->S3=100.0%
[2025-10-08 22:17:23,764][INFO] Iter 48000 | Loss: train=0.4952, val=2.2083 | Acc: S1->S2=100.0%, S2->S3=100.0%, S1->S3=98.8%
[2025-10-08 22:17:40,533][INFO] Iter 49000 | Loss: train=0.4954, val=2.1307 | Acc: S1->S2=100.0%, S2->S3=100.0%, S1->S3=99.4%
[2025-10-08 22:17:57,169][INFO] Iter 50000 | Loss: train=0.4961, val=2.1621 | Acc: S1->S2=100.0%, S2->S3=99.5%, S1->S3=99.4%
[2025-10-08 22:17:57,174][INFO] Checkpoint saved to out/G_B_high_d92_seed42_20251008_220337/ckpt_50000.pt
[2025-10-08 22:17:57,174][INFO] 
Training finished! Results are in: out/G_B_high_d92_seed42_20251008_220337
