[2025-10-05 07:04:20,829][INFO] ============================================================
[2025-10-05 07:04:20,829][INFO] Composition Training - FINAL FIXED VERSION
[2025-10-05 07:04:20,829][INFO] Model: 1L-1H-92D
[2025-10-05 07:04:20,829][INFO] Data: data/simple_graph/trackB_0.0_alpine_nodirect_noself
[2025-10-05 07:04:20,829][INFO] Train file: train.bin
[2025-10-05 07:04:20,829][INFO] Output dir: out/unknown_unknown_d92_seed42_20251005_070420
[2025-10-05 07:04:20,829][INFO] ============================================================
[2025-10-05 07:04:20,833][INFO] Vocab size: 92, Block size: 32
[2025-10-05 07:04:21,468][INFO] Model initialized: 0.11M parameters
[2025-10-05 07:04:21,468][INFO] Starting training...
[2025-10-05 07:04:27,020][INFO] Iter     0 | Loss: train=nan, val=4.5560 | Acc: S1->S2=0.0%, S2->S3=0.0%, S1->S3=0.0%
[2025-10-05 07:04:37,000][INFO] Iter  1000 | Loss: train=2.5099, val=1.1251 | Acc: S1->S2=91.3%, S2->S3=100.0%, S1->S3=97.0%
[2025-10-05 07:04:46,756][INFO] Iter  2000 | Loss: train=0.6995, val=1.1500 | Acc: S1->S2=94.5%, S2->S3=100.0%, S1->S3=99.0%
[2025-10-05 07:04:56,523][INFO] Iter  3000 | Loss: train=0.6214, val=1.2754 | Acc: S1->S2=92.9%, S2->S3=100.0%, S1->S3=98.0%
[2025-10-05 07:05:06,285][INFO] Iter  4000 | Loss: train=0.6042, val=1.3329 | Acc: S1->S2=92.9%, S2->S3=100.0%, S1->S3=100.0%
[2025-10-05 07:05:16,108][INFO] Iter  5000 | Loss: train=0.5972, val=1.3468 | Acc: S1->S2=90.6%, S2->S3=100.0%, S1->S3=99.0%
[2025-10-05 07:05:16,112][INFO] Checkpoint saved to out/unknown_unknown_d92_seed42_20251005_070420/ckpt_5000.pt
[2025-10-05 07:05:26,016][INFO] Iter  6000 | Loss: train=0.5926, val=1.3752 | Acc: S1->S2=91.3%, S2->S3=100.0%, S1->S3=99.0%
[2025-10-05 07:05:35,736][INFO] Iter  7000 | Loss: train=0.5892, val=1.3882 | Acc: S1->S2=92.9%, S2->S3=100.0%, S1->S3=99.0%
[2025-10-05 07:05:45,538][INFO] Iter  8000 | Loss: train=0.5879, val=1.4029 | Acc: S1->S2=90.6%, S2->S3=96.7%, S1->S3=99.0%
[2025-10-05 07:05:55,409][INFO] Iter  9000 | Loss: train=0.5857, val=1.4312 | Acc: S1->S2=92.1%, S2->S3=100.0%, S1->S3=99.0%
[2025-10-05 07:06:05,091][INFO] Iter 10000 | Loss: train=0.5835, val=1.4541 | Acc: S1->S2=92.1%, S2->S3=98.9%, S1->S3=97.0%
[2025-10-05 07:06:05,096][INFO] Checkpoint saved to out/unknown_unknown_d92_seed42_20251005_070420/ckpt_10000.pt
[2025-10-05 07:06:14,790][INFO] Iter 11000 | Loss: train=0.5822, val=1.4122 | Acc: S1->S2=89.8%, S2->S3=100.0%, S1->S3=98.0%
[2025-10-05 07:06:24,474][INFO] Iter 12000 | Loss: train=0.5808, val=1.4439 | Acc: S1->S2=92.1%, S2->S3=100.0%, S1->S3=99.0%
[2025-10-05 07:06:34,160][INFO] Iter 13000 | Loss: train=0.5793, val=1.4351 | Acc: S1->S2=91.3%, S2->S3=100.0%, S1->S3=99.0%
[2025-10-05 07:06:43,854][INFO] Iter 14000 | Loss: train=0.5794, val=1.4484 | Acc: S1->S2=91.3%, S2->S3=100.0%, S1->S3=99.0%
[2025-10-05 07:06:53,536][INFO] Iter 15000 | Loss: train=0.5781, val=1.4717 | Acc: S1->S2=92.1%, S2->S3=97.8%, S1->S3=99.0%
[2025-10-05 07:06:53,541][INFO] Checkpoint saved to out/unknown_unknown_d92_seed42_20251005_070420/ckpt_15000.pt
[2025-10-05 07:07:03,345][INFO] Iter 16000 | Loss: train=0.5772, val=1.4827 | Acc: S1->S2=89.8%, S2->S3=98.9%, S1->S3=98.0%
[2025-10-05 07:07:13,088][INFO] Iter 17000 | Loss: train=0.5769, val=1.4850 | Acc: S1->S2=93.7%, S2->S3=97.8%, S1->S3=99.0%
[2025-10-05 07:07:22,966][INFO] Iter 18000 | Loss: train=0.5759, val=1.4927 | Acc: S1->S2=92.1%, S2->S3=100.0%, S1->S3=98.0%
[2025-10-05 07:07:32,711][INFO] Iter 19000 | Loss: train=0.5758, val=1.4950 | Acc: S1->S2=94.5%, S2->S3=98.9%, S1->S3=99.0%
[2025-10-05 07:07:42,443][INFO] Iter 20000 | Loss: train=0.5761, val=1.4955 | Acc: S1->S2=93.7%, S2->S3=97.8%, S1->S3=96.0%
[2025-10-05 07:07:42,448][INFO] Checkpoint saved to out/unknown_unknown_d92_seed42_20251005_070420/ckpt_20000.pt
[2025-10-05 07:07:52,174][INFO] Iter 21000 | Loss: train=0.5739, val=1.5067 | Acc: S1->S2=92.9%, S2->S3=95.7%, S1->S3=98.0%
[2025-10-05 07:08:01,882][INFO] Iter 22000 | Loss: train=0.5750, val=1.5186 | Acc: S1->S2=90.6%, S2->S3=95.7%, S1->S3=97.0%
[2025-10-05 07:08:11,606][INFO] Iter 23000 | Loss: train=0.5739, val=1.5124 | Acc: S1->S2=92.9%, S2->S3=97.8%, S1->S3=98.0%
[2025-10-05 07:08:21,345][INFO] Iter 24000 | Loss: train=0.5737, val=1.5047 | Acc: S1->S2=92.9%, S2->S3=96.7%, S1->S3=97.0%
[2025-10-05 07:08:31,068][INFO] Iter 25000 | Loss: train=0.5733, val=1.5297 | Acc: S1->S2=92.1%, S2->S3=100.0%, S1->S3=97.0%
[2025-10-05 07:08:31,072][INFO] Checkpoint saved to out/unknown_unknown_d92_seed42_20251005_070420/ckpt_25000.pt
[2025-10-05 07:08:40,796][INFO] Iter 26000 | Loss: train=0.5735, val=1.5030 | Acc: S1->S2=92.9%, S2->S3=97.8%, S1->S3=98.0%
[2025-10-05 07:08:50,515][INFO] Iter 27000 | Loss: train=0.5725, val=1.4932 | Acc: S1->S2=94.5%, S2->S3=98.9%, S1->S3=95.0%
[2025-10-05 07:09:00,260][INFO] Iter 28000 | Loss: train=0.5727, val=1.4835 | Acc: S1->S2=92.9%, S2->S3=98.9%, S1->S3=97.0%
[2025-10-05 07:09:09,990][INFO] Iter 29000 | Loss: train=0.5716, val=1.5179 | Acc: S1->S2=92.9%, S2->S3=95.7%, S1->S3=93.1%
[2025-10-05 07:09:19,674][INFO] Iter 30000 | Loss: train=0.5717, val=1.5324 | Acc: S1->S2=91.3%, S2->S3=97.8%, S1->S3=98.0%
[2025-10-05 07:09:19,679][INFO] Checkpoint saved to out/unknown_unknown_d92_seed42_20251005_070420/ckpt_30000.pt
[2025-10-05 07:09:29,390][INFO] Iter 31000 | Loss: train=0.5718, val=1.5418 | Acc: S1->S2=91.3%, S2->S3=98.9%, S1->S3=95.0%
[2025-10-05 07:09:39,103][INFO] Iter 32000 | Loss: train=0.5718, val=1.5587 | Acc: S1->S2=92.1%, S2->S3=97.8%, S1->S3=97.0%
[2025-10-05 07:09:48,817][INFO] Iter 33000 | Loss: train=0.5706, val=1.5254 | Acc: S1->S2=92.9%, S2->S3=100.0%, S1->S3=97.0%
[2025-10-05 07:09:58,541][INFO] Iter 34000 | Loss: train=0.5710, val=1.5333 | Acc: S1->S2=90.6%, S2->S3=100.0%, S1->S3=97.0%
[2025-10-05 07:10:08,278][INFO] Iter 35000 | Loss: train=0.5701, val=1.5143 | Acc: S1->S2=89.8%, S2->S3=97.8%, S1->S3=98.0%
[2025-10-05 07:10:08,283][INFO] Checkpoint saved to out/unknown_unknown_d92_seed42_20251005_070420/ckpt_35000.pt
[2025-10-05 07:10:18,011][INFO] Iter 36000 | Loss: train=0.5711, val=1.5316 | Acc: S1->S2=90.6%, S2->S3=96.7%, S1->S3=96.0%
[2025-10-05 07:10:27,801][INFO] Iter 37000 | Loss: train=0.5701, val=1.5573 | Acc: S1->S2=93.7%, S2->S3=98.9%, S1->S3=97.0%
[2025-10-05 07:10:37,470][INFO] Iter 38000 | Loss: train=0.5707, val=1.5188 | Acc: S1->S2=92.1%, S2->S3=98.9%, S1->S3=97.0%
[2025-10-05 07:10:47,255][INFO] Iter 39000 | Loss: train=0.5699, val=1.5314 | Acc: S1->S2=88.2%, S2->S3=100.0%, S1->S3=97.0%
[2025-10-05 07:10:57,078][INFO] Iter 40000 | Loss: train=0.5706, val=1.5329 | Acc: S1->S2=92.1%, S2->S3=98.9%, S1->S3=98.0%
[2025-10-05 07:10:57,083][INFO] Checkpoint saved to out/unknown_unknown_d92_seed42_20251005_070420/ckpt_40000.pt
[2025-10-05 07:11:07,114][INFO] Iter 41000 | Loss: train=0.5696, val=1.5190 | Acc: S1->S2=91.3%, S2->S3=97.8%, S1->S3=97.0%
[2025-10-05 07:11:17,086][INFO] Iter 42000 | Loss: train=0.5701, val=1.5467 | Acc: S1->S2=93.7%, S2->S3=98.9%, S1->S3=98.0%
[2025-10-05 07:11:27,041][INFO] Iter 43000 | Loss: train=0.5695, val=1.5615 | Acc: S1->S2=93.7%, S2->S3=98.9%, S1->S3=96.0%
[2025-10-05 07:11:36,817][INFO] Iter 44000 | Loss: train=0.5695, val=1.5030 | Acc: S1->S2=92.9%, S2->S3=98.9%, S1->S3=98.0%
[2025-10-05 07:11:46,576][INFO] Iter 45000 | Loss: train=0.5694, val=1.5592 | Acc: S1->S2=92.1%, S2->S3=97.8%, S1->S3=97.0%
[2025-10-05 07:11:46,580][INFO] Checkpoint saved to out/unknown_unknown_d92_seed42_20251005_070420/ckpt_45000.pt
[2025-10-05 07:11:56,338][INFO] Iter 46000 | Loss: train=0.5703, val=1.5141 | Acc: S1->S2=93.7%, S2->S3=100.0%, S1->S3=98.0%
[2025-10-05 07:12:06,095][INFO] Iter 47000 | Loss: train=0.5687, val=1.5462 | Acc: S1->S2=93.7%, S2->S3=98.9%, S1->S3=96.0%
[2025-10-05 07:12:15,848][INFO] Iter 48000 | Loss: train=0.5688, val=1.5560 | Acc: S1->S2=92.1%, S2->S3=98.9%, S1->S3=94.1%
[2025-10-05 07:12:25,615][INFO] Iter 49000 | Loss: train=0.5690, val=1.5663 | Acc: S1->S2=92.9%, S2->S3=100.0%, S1->S3=96.0%
[2025-10-05 07:12:35,387][INFO] Iter 50000 | Loss: train=0.5688, val=1.5619 | Acc: S1->S2=95.3%, S2->S3=98.9%, S1->S3=97.0%
[2025-10-05 07:12:35,392][INFO] Checkpoint saved to out/unknown_unknown_d92_seed42_20251005_070420/ckpt_50000.pt
[2025-10-05 07:12:35,392][INFO] 
Training finished! Results are in: out/unknown_unknown_d92_seed42_20251005_070420
