[2025-10-08 22:19:12,397][INFO] ============================================================
[2025-10-08 22:19:12,397][INFO] Composition Training - Graph Repair Experiment
[2025-10-08 22:19:12,397][INFO] Experiment: G_C_low
[2025-10-08 22:19:12,397][INFO] Model: 1L-1H-92D
[2025-10-08 22:19:12,397][INFO] Data: data/graph_repair_experiment/G_C_low
[2025-10-08 22:19:12,397][INFO] Train file: train_alpine.bin
[2025-10-08 22:19:12,397][INFO] Output dir: out/G_C_low_d92_seed42_20251008_221912
[2025-10-08 22:19:12,397][INFO] ============================================================
[2025-10-08 22:19:12,403][INFO] Vocab size: 92, Block size: 64
[2025-10-08 22:19:13,109][INFO] Model initialized: 0.12M parameters
[2025-10-08 22:19:13,110][INFO] Starting training...
[2025-10-08 22:19:21,529][INFO] Iter     0 | Loss: train=nan, val=4.5554 | Acc: S1->S2=0.0%, S2->S3=0.0%, S1->S3=0.0%
[2025-10-08 22:19:37,952][INFO] Iter  1000 | Loss: train=2.4566, val=1.0556 | Acc: S1->S2=64.0%, S2->S3=77.9%, S1->S3=72.7%
[2025-10-08 22:19:54,418][INFO] Iter  2000 | Loss: train=0.8827, val=0.8587 | Acc: S1->S2=99.3%, S2->S3=100.0%, S1->S3=99.3%
[2025-10-08 22:20:11,020][INFO] Iter  3000 | Loss: train=0.7947, val=0.8656 | Acc: S1->S2=100.0%, S2->S3=100.0%, S1->S3=98.0%
[2025-10-08 22:20:27,575][INFO] Iter  4000 | Loss: train=0.7581, val=0.8637 | Acc: S1->S2=98.5%, S2->S3=99.4%, S1->S3=99.3%
[2025-10-08 22:20:44,587][INFO] Iter  5000 | Loss: train=0.7246, val=0.9112 | Acc: S1->S2=97.8%, S2->S3=100.0%, S1->S3=99.3%
[2025-10-08 22:20:44,594][INFO] Checkpoint saved to out/G_C_low_d92_seed42_20251008_221912/ckpt_5000.pt
[2025-10-08 22:21:01,790][INFO] Iter  6000 | Loss: train=0.6903, val=0.9481 | Acc: S1->S2=100.0%, S2->S3=100.0%, S1->S3=99.3%
[2025-10-08 22:21:18,499][INFO] Iter  7000 | Loss: train=0.6569, val=1.0028 | Acc: S1->S2=99.3%, S2->S3=100.0%, S1->S3=99.3%
[2025-10-08 22:21:35,126][INFO] Iter  8000 | Loss: train=0.6250, val=1.0410 | Acc: S1->S2=98.5%, S2->S3=99.4%, S1->S3=99.3%
[2025-10-08 22:21:51,565][INFO] Iter  9000 | Loss: train=0.5968, val=1.1119 | Acc: S1->S2=100.0%, S2->S3=98.8%, S1->S3=97.3%
[2025-10-08 22:22:08,003][INFO] Iter 10000 | Loss: train=0.5724, val=1.1495 | Acc: S1->S2=100.0%, S2->S3=100.0%, S1->S3=98.7%
[2025-10-08 22:22:08,008][INFO] Checkpoint saved to out/G_C_low_d92_seed42_20251008_221912/ckpt_10000.pt
[2025-10-08 22:22:24,402][INFO] Iter 11000 | Loss: train=0.5518, val=1.2019 | Acc: S1->S2=99.3%, S2->S3=100.0%, S1->S3=98.7%
[2025-10-08 22:22:40,862][INFO] Iter 12000 | Loss: train=0.5351, val=1.2639 | Acc: S1->S2=98.5%, S2->S3=100.0%, S1->S3=96.7%
[2025-10-08 22:22:57,310][INFO] Iter 13000 | Loss: train=0.5216, val=1.3131 | Acc: S1->S2=100.0%, S2->S3=98.2%, S1->S3=99.3%
[2025-10-08 22:23:13,685][INFO] Iter 14000 | Loss: train=0.5098, val=1.3687 | Acc: S1->S2=97.8%, S2->S3=100.0%, S1->S3=98.7%
[2025-10-08 22:23:30,188][INFO] Iter 15000 | Loss: train=0.5006, val=1.3825 | Acc: S1->S2=100.0%, S2->S3=98.8%, S1->S3=99.3%
[2025-10-08 22:23:30,192][INFO] Checkpoint saved to out/G_C_low_d92_seed42_20251008_221912/ckpt_15000.pt
[2025-10-08 22:23:46,740][INFO] Iter 16000 | Loss: train=0.4934, val=1.4433 | Acc: S1->S2=99.3%, S2->S3=100.0%, S1->S3=98.7%
[2025-10-08 22:24:03,229][INFO] Iter 17000 | Loss: train=0.4875, val=1.4474 | Acc: S1->S2=100.0%, S2->S3=99.4%, S1->S3=100.0%
[2025-10-08 22:24:19,983][INFO] Iter 18000 | Loss: train=0.4824, val=1.5035 | Acc: S1->S2=99.3%, S2->S3=97.5%, S1->S3=98.7%
[2025-10-08 22:24:36,508][INFO] Iter 19000 | Loss: train=0.4781, val=1.5250 | Acc: S1->S2=98.5%, S2->S3=99.4%, S1->S3=98.0%
[2025-10-08 22:24:53,066][INFO] Iter 20000 | Loss: train=0.4746, val=1.5849 | Acc: S1->S2=99.3%, S2->S3=100.0%, S1->S3=100.0%
[2025-10-08 22:24:53,072][INFO] Checkpoint saved to out/G_C_low_d92_seed42_20251008_221912/ckpt_20000.pt
[2025-10-08 22:25:09,679][INFO] Iter 21000 | Loss: train=0.4718, val=1.5954 | Acc: S1->S2=100.0%, S2->S3=99.4%, S1->S3=100.0%
[2025-10-08 22:25:26,286][INFO] Iter 22000 | Loss: train=0.4696, val=1.5841 | Acc: S1->S2=99.3%, S2->S3=99.4%, S1->S3=100.0%
[2025-10-08 22:25:42,998][INFO] Iter 23000 | Loss: train=0.4672, val=1.6197 | Acc: S1->S2=100.0%, S2->S3=100.0%, S1->S3=99.3%
[2025-10-08 22:25:59,682][INFO] Iter 24000 | Loss: train=0.4664, val=1.6472 | Acc: S1->S2=100.0%, S2->S3=100.0%, S1->S3=100.0%
[2025-10-08 22:26:16,310][INFO] Iter 25000 | Loss: train=0.4640, val=1.6592 | Acc: S1->S2=99.3%, S2->S3=100.0%, S1->S3=100.0%
[2025-10-08 22:26:16,316][INFO] Checkpoint saved to out/G_C_low_d92_seed42_20251008_221912/ckpt_25000.pt
[2025-10-08 22:26:32,865][INFO] Iter 26000 | Loss: train=0.4625, val=1.6812 | Acc: S1->S2=98.5%, S2->S3=100.0%, S1->S3=98.7%
[2025-10-08 22:26:49,673][INFO] Iter 27000 | Loss: train=0.4618, val=1.6296 | Acc: S1->S2=99.3%, S2->S3=98.2%, S1->S3=100.0%
[2025-10-08 22:27:06,540][INFO] Iter 28000 | Loss: train=0.4604, val=1.7219 | Acc: S1->S2=100.0%, S2->S3=100.0%, S1->S3=99.3%
[2025-10-08 22:27:23,201][INFO] Iter 29000 | Loss: train=0.4594, val=1.7324 | Acc: S1->S2=99.3%, S2->S3=100.0%, S1->S3=99.3%
[2025-10-08 22:27:39,963][INFO] Iter 30000 | Loss: train=0.4593, val=1.7215 | Acc: S1->S2=100.0%, S2->S3=100.0%, S1->S3=100.0%
[2025-10-08 22:27:39,972][INFO] Checkpoint saved to out/G_C_low_d92_seed42_20251008_221912/ckpt_30000.pt
[2025-10-08 22:27:56,672][INFO] Iter 31000 | Loss: train=0.4579, val=1.6835 | Acc: S1->S2=100.0%, S2->S3=100.0%, S1->S3=100.0%
[2025-10-08 22:28:13,370][INFO] Iter 32000 | Loss: train=0.4573, val=1.7578 | Acc: S1->S2=100.0%, S2->S3=100.0%, S1->S3=100.0%
[2025-10-08 22:28:30,031][INFO] Iter 33000 | Loss: train=0.4561, val=1.7111 | Acc: S1->S2=100.0%, S2->S3=98.8%, S1->S3=100.0%
[2025-10-08 22:28:48,046][INFO] Iter 34000 | Loss: train=0.4561, val=1.7496 | Acc: S1->S2=100.0%, S2->S3=100.0%, S1->S3=100.0%
[2025-10-08 22:29:04,387][INFO] Iter 35000 | Loss: train=0.4548, val=1.7331 | Acc: S1->S2=100.0%, S2->S3=100.0%, S1->S3=100.0%
[2025-10-08 22:29:04,393][INFO] Checkpoint saved to out/G_C_low_d92_seed42_20251008_221912/ckpt_35000.pt
[2025-10-08 22:29:20,684][INFO] Iter 36000 | Loss: train=0.4549, val=1.7693 | Acc: S1->S2=100.0%, S2->S3=100.0%, S1->S3=99.3%
[2025-10-08 22:29:37,033][INFO] Iter 37000 | Loss: train=0.4547, val=1.7607 | Acc: S1->S2=99.3%, S2->S3=100.0%, S1->S3=100.0%
[2025-10-08 22:29:53,460][INFO] Iter 38000 | Loss: train=0.4544, val=1.7511 | Acc: S1->S2=100.0%, S2->S3=100.0%, S1->S3=99.3%
[2025-10-08 22:30:10,016][INFO] Iter 39000 | Loss: train=0.4536, val=1.7317 | Acc: S1->S2=98.5%, S2->S3=99.4%, S1->S3=100.0%
[2025-10-08 22:30:26,539][INFO] Iter 40000 | Loss: train=0.4532, val=1.7984 | Acc: S1->S2=99.3%, S2->S3=100.0%, S1->S3=100.0%
[2025-10-08 22:30:26,543][INFO] Checkpoint saved to out/G_C_low_d92_seed42_20251008_221912/ckpt_40000.pt
[2025-10-08 22:30:43,065][INFO] Iter 41000 | Loss: train=0.4526, val=1.7922 | Acc: S1->S2=100.0%, S2->S3=98.8%, S1->S3=100.0%
[2025-10-08 22:30:59,601][INFO] Iter 42000 | Loss: train=0.4521, val=1.7827 | Acc: S1->S2=99.3%, S2->S3=100.0%, S1->S3=99.3%
[2025-10-08 22:31:16,131][INFO] Iter 43000 | Loss: train=0.4523, val=1.7949 | Acc: S1->S2=98.5%, S2->S3=99.4%, S1->S3=99.3%
[2025-10-08 22:31:32,685][INFO] Iter 44000 | Loss: train=0.4530, val=1.7756 | Acc: S1->S2=98.5%, S2->S3=100.0%, S1->S3=100.0%
[2025-10-08 22:31:49,213][INFO] Iter 45000 | Loss: train=0.4509, val=1.8354 | Acc: S1->S2=99.3%, S2->S3=100.0%, S1->S3=100.0%
[2025-10-08 22:31:49,218][INFO] Checkpoint saved to out/G_C_low_d92_seed42_20251008_221912/ckpt_45000.pt
[2025-10-08 22:32:05,759][INFO] Iter 46000 | Loss: train=0.4517, val=1.7869 | Acc: S1->S2=100.0%, S2->S3=100.0%, S1->S3=100.0%
[2025-10-08 22:32:22,250][INFO] Iter 47000 | Loss: train=0.4511, val=1.8268 | Acc: S1->S2=98.5%, S2->S3=100.0%, S1->S3=99.3%
[2025-10-08 22:32:38,747][INFO] Iter 48000 | Loss: train=0.4504, val=1.8259 | Acc: S1->S2=100.0%, S2->S3=99.4%, S1->S3=99.3%
[2025-10-08 22:32:55,312][INFO] Iter 49000 | Loss: train=0.4506, val=1.7786 | Acc: S1->S2=98.5%, S2->S3=100.0%, S1->S3=100.0%
[2025-10-08 22:33:11,812][INFO] Iter 50000 | Loss: train=0.4500, val=1.8200 | Acc: S1->S2=100.0%, S2->S3=100.0%, S1->S3=100.0%
[2025-10-08 22:33:11,818][INFO] Checkpoint saved to out/G_C_low_d92_seed42_20251008_221912/ckpt_50000.pt
[2025-10-08 22:33:11,818][INFO] 
Training finished! Results are in: out/G_C_low_d92_seed42_20251008_221912
