[2025-10-08 23:24:01,229][INFO] ============================================================
[2025-10-08 23:24:01,229][INFO] Composition Training - Graph Repair Experiment
[2025-10-08 23:24:01,229][INFO] Experiment: G_A_high
[2025-10-08 23:24:01,229][INFO] Model: 1L-1H-92D
[2025-10-08 23:24:01,229][INFO] Data: data/graph_repair_experiment/G_A_high
[2025-10-08 23:24:01,229][INFO] Train file: train_alpine.bin
[2025-10-08 23:24:01,229][INFO] Output dir: out/G_A_high_d92_seed42_20251008_232401
[2025-10-08 23:24:01,229][INFO] ============================================================
[2025-10-08 23:24:01,236][INFO] Vocab size: 92, Block size: 64
[2025-10-08 23:24:01,956][INFO] Model initialized: 0.12M parameters
[2025-10-08 23:24:01,956][INFO] Starting training...
[2025-10-08 23:24:11,039][INFO] Iter     0 | Loss: train=nan, val=4.5579 | Acc: S1->S2=0.0%, S2->S3=0.0%, S1->S3=0.0%
[2025-10-08 23:24:28,056][INFO] Iter  1000 | Loss: train=2.5165, val=1.1766 | Acc: S1->S2=69.5%, S2->S3=88.5%, S1->S3=92.6%
[2025-10-08 23:24:44,937][INFO] Iter  2000 | Loss: train=1.0109, val=1.0209 | Acc: S1->S2=100.0%, S2->S3=100.0%, S1->S3=100.0%
[2025-10-08 23:25:01,663][INFO] Iter  3000 | Loss: train=0.9314, val=1.0255 | Acc: S1->S2=100.0%, S2->S3=100.0%, S1->S3=100.0%
[2025-10-08 23:25:18,524][INFO] Iter  4000 | Loss: train=0.8961, val=1.0289 | Acc: S1->S2=100.0%, S2->S3=100.0%, S1->S3=100.0%
[2025-10-08 23:25:35,366][INFO] Iter  5000 | Loss: train=0.8665, val=1.0458 | Acc: S1->S2=99.6%, S2->S3=100.0%, S1->S3=100.0%
[2025-10-08 23:25:35,371][INFO] Checkpoint saved to out/G_A_high_d92_seed42_20251008_232401/ckpt_5000.pt
[2025-10-08 23:25:52,319][INFO] Iter  6000 | Loss: train=0.8334, val=1.0780 | Acc: S1->S2=99.6%, S2->S3=100.0%, S1->S3=100.0%
[2025-10-08 23:26:09,341][INFO] Iter  7000 | Loss: train=0.8007, val=1.1287 | Acc: S1->S2=99.6%, S2->S3=99.0%, S1->S3=100.0%
[2025-10-08 23:26:26,427][INFO] Iter  8000 | Loss: train=0.7699, val=1.1804 | Acc: S1->S2=99.6%, S2->S3=100.0%, S1->S3=100.0%
[2025-10-08 23:26:43,439][INFO] Iter  9000 | Loss: train=0.7394, val=1.2453 | Acc: S1->S2=98.3%, S2->S3=99.0%, S1->S3=100.0%
[2025-10-08 23:27:00,511][INFO] Iter 10000 | Loss: train=0.7118, val=1.2611 | Acc: S1->S2=99.2%, S2->S3=99.0%, S1->S3=98.5%
[2025-10-08 23:27:00,516][INFO] Checkpoint saved to out/G_A_high_d92_seed42_20251008_232401/ckpt_10000.pt
[2025-10-08 23:27:17,560][INFO] Iter 11000 | Loss: train=0.6873, val=1.3405 | Acc: S1->S2=97.5%, S2->S3=99.0%, S1->S3=99.3%
[2025-10-08 23:27:34,721][INFO] Iter 12000 | Loss: train=0.6660, val=1.3887 | Acc: S1->S2=97.5%, S2->S3=98.1%, S1->S3=99.3%
[2025-10-08 23:27:51,854][INFO] Iter 13000 | Loss: train=0.6467, val=1.4303 | Acc: S1->S2=98.3%, S2->S3=100.0%, S1->S3=98.5%
[2025-10-08 23:28:08,893][INFO] Iter 14000 | Loss: train=0.6299, val=1.4888 | Acc: S1->S2=98.3%, S2->S3=100.0%, S1->S3=95.6%
[2025-10-08 23:28:25,942][INFO] Iter 15000 | Loss: train=0.6149, val=1.5349 | Acc: S1->S2=97.5%, S2->S3=99.0%, S1->S3=95.6%
[2025-10-08 23:28:25,947][INFO] Checkpoint saved to out/G_A_high_d92_seed42_20251008_232401/ckpt_15000.pt
[2025-10-08 23:28:42,989][INFO] Iter 16000 | Loss: train=0.6013, val=1.5903 | Acc: S1->S2=98.7%, S2->S3=99.0%, S1->S3=97.1%
[2025-10-08 23:28:59,963][INFO] Iter 17000 | Loss: train=0.5895, val=1.6702 | Acc: S1->S2=97.5%, S2->S3=100.0%, S1->S3=97.8%
[2025-10-08 23:29:16,978][INFO] Iter 18000 | Loss: train=0.5798, val=1.6846 | Acc: S1->S2=99.2%, S2->S3=98.1%, S1->S3=97.8%
[2025-10-08 23:29:33,982][INFO] Iter 19000 | Loss: train=0.5705, val=1.7181 | Acc: S1->S2=95.8%, S2->S3=99.0%, S1->S3=95.6%
[2025-10-08 23:29:51,137][INFO] Iter 20000 | Loss: train=0.5627, val=1.7825 | Acc: S1->S2=98.7%, S2->S3=98.1%, S1->S3=97.1%
[2025-10-08 23:29:51,141][INFO] Checkpoint saved to out/G_A_high_d92_seed42_20251008_232401/ckpt_20000.pt
[2025-10-08 23:30:08,197][INFO] Iter 21000 | Loss: train=0.5555, val=1.8557 | Acc: S1->S2=96.2%, S2->S3=100.0%, S1->S3=97.8%
[2025-10-08 23:30:25,180][INFO] Iter 22000 | Loss: train=0.5482, val=1.8610 | Acc: S1->S2=99.2%, S2->S3=100.0%, S1->S3=100.0%
[2025-10-08 23:30:42,229][INFO] Iter 23000 | Loss: train=0.5432, val=1.9007 | Acc: S1->S2=97.9%, S2->S3=99.0%, S1->S3=97.8%
[2025-10-08 23:30:59,302][INFO] Iter 24000 | Loss: train=0.5385, val=1.9379 | Acc: S1->S2=97.9%, S2->S3=98.1%, S1->S3=98.5%
[2025-10-08 23:31:16,345][INFO] Iter 25000 | Loss: train=0.5336, val=1.9632 | Acc: S1->S2=98.7%, S2->S3=98.1%, S1->S3=100.0%
[2025-10-08 23:31:16,350][INFO] Checkpoint saved to out/G_A_high_d92_seed42_20251008_232401/ckpt_25000.pt
[2025-10-08 23:31:33,491][INFO] Iter 26000 | Loss: train=0.5300, val=1.9943 | Acc: S1->S2=97.9%, S2->S3=99.0%, S1->S3=98.5%
[2025-10-08 23:31:50,735][INFO] Iter 27000 | Loss: train=0.5268, val=2.0521 | Acc: S1->S2=98.3%, S2->S3=98.1%, S1->S3=97.1%
[2025-10-08 23:32:07,864][INFO] Iter 28000 | Loss: train=0.5230, val=2.0567 | Acc: S1->S2=98.3%, S2->S3=100.0%, S1->S3=97.1%
[2025-10-08 23:32:24,895][INFO] Iter 29000 | Loss: train=0.5213, val=2.0513 | Acc: S1->S2=98.7%, S2->S3=100.0%, S1->S3=98.5%
[2025-10-08 23:32:41,940][INFO] Iter 30000 | Loss: train=0.5182, val=2.1262 | Acc: S1->S2=99.2%, S2->S3=99.0%, S1->S3=97.8%
[2025-10-08 23:32:41,946][INFO] Checkpoint saved to out/G_A_high_d92_seed42_20251008_232401/ckpt_30000.pt
[2025-10-08 23:32:58,884][INFO] Iter 31000 | Loss: train=0.5164, val=2.1427 | Acc: S1->S2=99.6%, S2->S3=98.1%, S1->S3=97.1%
[2025-10-08 23:33:15,704][INFO] Iter 32000 | Loss: train=0.5132, val=2.1879 | Acc: S1->S2=99.6%, S2->S3=98.1%, S1->S3=100.0%
[2025-10-08 23:33:32,683][INFO] Iter 33000 | Loss: train=0.5122, val=2.1843 | Acc: S1->S2=97.9%, S2->S3=99.0%, S1->S3=100.0%
[2025-10-08 23:33:49,761][INFO] Iter 34000 | Loss: train=0.5105, val=2.1657 | Acc: S1->S2=100.0%, S2->S3=98.1%, S1->S3=98.5%
[2025-10-08 23:34:06,886][INFO] Iter 35000 | Loss: train=0.5090, val=2.2376 | Acc: S1->S2=98.7%, S2->S3=99.0%, S1->S3=99.3%
[2025-10-08 23:34:06,891][INFO] Checkpoint saved to out/G_A_high_d92_seed42_20251008_232401/ckpt_35000.pt
[2025-10-08 23:34:23,979][INFO] Iter 36000 | Loss: train=0.5083, val=2.2100 | Acc: S1->S2=99.2%, S2->S3=99.0%, S1->S3=100.0%
[2025-10-08 23:34:41,051][INFO] Iter 37000 | Loss: train=0.5058, val=2.1867 | Acc: S1->S2=98.3%, S2->S3=97.1%, S1->S3=100.0%
[2025-10-08 23:34:58,139][INFO] Iter 38000 | Loss: train=0.5047, val=2.2348 | Acc: S1->S2=99.2%, S2->S3=100.0%, S1->S3=97.8%
[2025-10-08 23:35:15,218][INFO] Iter 39000 | Loss: train=0.5034, val=2.2582 | Acc: S1->S2=98.3%, S2->S3=100.0%, S1->S3=100.0%
[2025-10-08 23:35:32,129][INFO] Iter 40000 | Loss: train=0.5028, val=2.2760 | Acc: S1->S2=99.2%, S2->S3=99.0%, S1->S3=99.3%
[2025-10-08 23:35:32,134][INFO] Checkpoint saved to out/G_A_high_d92_seed42_20251008_232401/ckpt_40000.pt
[2025-10-08 23:35:49,147][INFO] Iter 41000 | Loss: train=0.5009, val=2.2684 | Acc: S1->S2=100.0%, S2->S3=100.0%, S1->S3=100.0%
[2025-10-08 23:36:06,029][INFO] Iter 42000 | Loss: train=0.5003, val=2.3014 | Acc: S1->S2=99.2%, S2->S3=100.0%, S1->S3=100.0%
[2025-10-08 23:36:22,928][INFO] Iter 43000 | Loss: train=0.5000, val=2.3081 | Acc: S1->S2=98.3%, S2->S3=100.0%, S1->S3=100.0%
[2025-10-08 23:36:39,892][INFO] Iter 44000 | Loss: train=0.4995, val=2.3643 | Acc: S1->S2=98.3%, S2->S3=98.1%, S1->S3=98.5%
[2025-10-08 23:36:56,803][INFO] Iter 45000 | Loss: train=0.4990, val=2.2981 | Acc: S1->S2=99.6%, S2->S3=99.0%, S1->S3=99.3%
[2025-10-08 23:36:56,808][INFO] Checkpoint saved to out/G_A_high_d92_seed42_20251008_232401/ckpt_45000.pt
[2025-10-08 23:37:13,817][INFO] Iter 46000 | Loss: train=0.4978, val=2.3189 | Acc: S1->S2=99.6%, S2->S3=100.0%, S1->S3=97.1%
[2025-10-08 23:37:30,765][INFO] Iter 47000 | Loss: train=0.4966, val=2.3599 | Acc: S1->S2=98.3%, S2->S3=100.0%, S1->S3=98.5%
[2025-10-08 23:37:47,815][INFO] Iter 48000 | Loss: train=0.4964, val=2.3788 | Acc: S1->S2=98.7%, S2->S3=99.0%, S1->S3=97.1%
[2025-10-08 23:38:04,743][INFO] Iter 49000 | Loss: train=0.4954, val=2.3554 | Acc: S1->S2=99.6%, S2->S3=98.1%, S1->S3=99.3%
[2025-10-08 23:38:21,749][INFO] Iter 50000 | Loss: train=0.4952, val=2.4024 | Acc: S1->S2=99.6%, S2->S3=99.0%, S1->S3=100.0%
[2025-10-08 23:38:21,754][INFO] Checkpoint saved to out/G_A_high_d92_seed42_20251008_232401/ckpt_50000.pt
[2025-10-08 23:38:21,754][INFO] 
Training finished! Results are in: out/G_A_high_d92_seed42_20251008_232401
