[2025-10-05 07:34:22,651][INFO] ============================================================
[2025-10-05 07:34:22,651][INFO] Composition Training - FINAL FIXED VERSION
[2025-10-05 07:34:22,651][INFO] Model: 1L-1H-92D
[2025-10-05 07:34:22,651][INFO] Data: data/simple_graph/trackB_0.0_ALPINE_strict
[2025-10-05 07:34:22,651][INFO] Train file: train.bin
[2025-10-05 07:34:22,651][INFO] Output dir: out/unknown_unknown_d92_seed42_20251005_073422
[2025-10-05 07:34:22,651][INFO] ============================================================
[2025-10-05 07:34:22,656][INFO] Vocab size: 92, Block size: 32
[2025-10-05 07:34:23,352][INFO] Model initialized: 0.11M parameters
[2025-10-05 07:34:23,352][INFO] Starting training...
[2025-10-05 07:34:28,367][INFO] Iter     0 | Loss: train=nan, val=4.5657 | Acc: S1->S2=0.0%, S2->S3=0.0%, S1->S3=0.0%
[2025-10-05 07:34:44,791][INFO] Iter  1000 | Loss: train=2.3683, val=0.9955 | Acc: S1->S2=95.0%, S2->S3=98.9%, S1->S3=96.2%
[2025-10-05 07:35:01,200][INFO] Iter  2000 | Loss: train=0.6785, val=1.1466 | Acc: S1->S2=100.0%, S2->S3=100.0%, S1->S3=98.1%
[2025-10-05 07:35:17,691][INFO] Iter  3000 | Loss: train=0.6365, val=1.2180 | Acc: S1->S2=100.0%, S2->S3=100.0%, S1->S3=99.1%
[2025-10-05 07:35:34,248][INFO] Iter  4000 | Loss: train=0.6277, val=1.2713 | Acc: S1->S2=98.8%, S2->S3=100.0%, S1->S3=99.1%
[2025-10-05 07:35:50,876][INFO] Iter  5000 | Loss: train=0.6236, val=1.3159 | Acc: S1->S2=100.0%, S2->S3=100.0%, S1->S3=99.1%
[2025-10-05 07:35:50,880][INFO] Checkpoint saved to out/unknown_unknown_d92_seed42_20251005_073422/ckpt_5000.pt
[2025-10-05 07:36:07,461][INFO] Iter  6000 | Loss: train=0.6203, val=1.3343 | Acc: S1->S2=98.8%, S2->S3=100.0%, S1->S3=98.1%
[2025-10-05 07:36:23,964][INFO] Iter  7000 | Loss: train=0.6184, val=1.3529 | Acc: S1->S2=100.0%, S2->S3=98.9%, S1->S3=99.1%
[2025-10-05 07:36:40,498][INFO] Iter  8000 | Loss: train=0.6173, val=1.3773 | Acc: S1->S2=97.5%, S2->S3=100.0%, S1->S3=99.1%
[2025-10-05 07:36:56,989][INFO] Iter  9000 | Loss: train=0.6154, val=1.4014 | Acc: S1->S2=97.5%, S2->S3=98.9%, S1->S3=97.2%
[2025-10-05 07:37:13,472][INFO] Iter 10000 | Loss: train=0.6139, val=1.3891 | Acc: S1->S2=96.2%, S2->S3=100.0%, S1->S3=99.1%
[2025-10-05 07:37:13,478][INFO] Checkpoint saved to out/unknown_unknown_d92_seed42_20251005_073422/ckpt_10000.pt
[2025-10-05 07:37:29,971][INFO] Iter 11000 | Loss: train=0.6137, val=1.3938 | Acc: S1->S2=96.2%, S2->S3=100.0%, S1->S3=99.1%
[2025-10-05 07:37:46,469][INFO] Iter 12000 | Loss: train=0.6122, val=1.3997 | Acc: S1->S2=95.0%, S2->S3=100.0%, S1->S3=98.1%
[2025-10-05 07:38:03,045][INFO] Iter 13000 | Loss: train=0.6120, val=1.4228 | Acc: S1->S2=93.8%, S2->S3=100.0%, S1->S3=98.1%
[2025-10-05 07:38:19,613][INFO] Iter 14000 | Loss: train=0.6106, val=1.4286 | Acc: S1->S2=97.5%, S2->S3=100.0%, S1->S3=98.1%
[2025-10-05 07:38:36,110][INFO] Iter 15000 | Loss: train=0.6103, val=1.4331 | Acc: S1->S2=96.2%, S2->S3=98.9%, S1->S3=99.1%
[2025-10-05 07:38:36,115][INFO] Checkpoint saved to out/unknown_unknown_d92_seed42_20251005_073422/ckpt_15000.pt
[2025-10-05 07:38:52,652][INFO] Iter 16000 | Loss: train=0.6100, val=1.4311 | Acc: S1->S2=96.2%, S2->S3=100.0%, S1->S3=98.1%
[2025-10-05 07:39:09,114][INFO] Iter 17000 | Loss: train=0.6094, val=1.4423 | Acc: S1->S2=95.0%, S2->S3=100.0%, S1->S3=98.1%
[2025-10-05 07:39:25,576][INFO] Iter 18000 | Loss: train=0.6088, val=1.4348 | Acc: S1->S2=96.2%, S2->S3=100.0%, S1->S3=98.1%
[2025-10-05 07:39:42,041][INFO] Iter 19000 | Loss: train=0.6087, val=1.4358 | Acc: S1->S2=93.8%, S2->S3=100.0%, S1->S3=99.1%
[2025-10-05 07:39:58,521][INFO] Iter 20000 | Loss: train=0.6087, val=1.4296 | Acc: S1->S2=95.0%, S2->S3=98.9%, S1->S3=96.2%
[2025-10-05 07:39:58,526][INFO] Checkpoint saved to out/unknown_unknown_d92_seed42_20251005_073422/ckpt_20000.pt
[2025-10-05 07:40:15,042][INFO] Iter 21000 | Loss: train=0.6078, val=1.4493 | Acc: S1->S2=96.2%, S2->S3=98.9%, S1->S3=95.3%
[2025-10-05 07:40:31,498][INFO] Iter 22000 | Loss: train=0.6078, val=1.4511 | Acc: S1->S2=96.2%, S2->S3=100.0%, S1->S3=98.1%
[2025-10-05 07:40:47,966][INFO] Iter 23000 | Loss: train=0.6074, val=1.4499 | Acc: S1->S2=97.5%, S2->S3=97.9%, S1->S3=97.2%
[2025-10-05 07:41:04,454][INFO] Iter 24000 | Loss: train=0.6071, val=1.4668 | Acc: S1->S2=100.0%, S2->S3=97.9%, S1->S3=98.1%
[2025-10-05 07:41:20,918][INFO] Iter 25000 | Loss: train=0.6068, val=1.4620 | Acc: S1->S2=95.0%, S2->S3=100.0%, S1->S3=97.2%
[2025-10-05 07:41:20,923][INFO] Checkpoint saved to out/unknown_unknown_d92_seed42_20251005_073422/ckpt_25000.pt
[2025-10-05 07:41:37,388][INFO] Iter 26000 | Loss: train=0.6067, val=1.4743 | Acc: S1->S2=96.2%, S2->S3=98.9%, S1->S3=95.3%
[2025-10-05 07:41:53,879][INFO] Iter 27000 | Loss: train=0.6067, val=1.4537 | Acc: S1->S2=96.2%, S2->S3=98.9%, S1->S3=96.2%
[2025-10-05 07:42:10,344][INFO] Iter 28000 | Loss: train=0.6063, val=1.4582 | Acc: S1->S2=93.8%, S2->S3=98.9%, S1->S3=98.1%
[2025-10-05 07:42:26,750][INFO] Iter 29000 | Loss: train=0.6063, val=1.4694 | Acc: S1->S2=96.2%, S2->S3=100.0%, S1->S3=96.2%
[2025-10-05 07:42:43,123][INFO] Iter 30000 | Loss: train=0.6061, val=1.4645 | Acc: S1->S2=98.8%, S2->S3=100.0%, S1->S3=97.2%
[2025-10-05 07:42:43,128][INFO] Checkpoint saved to out/unknown_unknown_d92_seed42_20251005_073422/ckpt_30000.pt
[2025-10-05 07:42:59,509][INFO] Iter 31000 | Loss: train=0.6059, val=1.4753 | Acc: S1->S2=96.2%, S2->S3=100.0%, S1->S3=96.2%
[2025-10-05 07:43:15,928][INFO] Iter 32000 | Loss: train=0.6059, val=1.4676 | Acc: S1->S2=97.5%, S2->S3=100.0%, S1->S3=96.2%
[2025-10-05 07:43:32,309][INFO] Iter 33000 | Loss: train=0.6057, val=1.4765 | Acc: S1->S2=97.5%, S2->S3=100.0%, S1->S3=95.3%
[2025-10-05 07:43:48,732][INFO] Iter 34000 | Loss: train=0.6054, val=1.4689 | Acc: S1->S2=97.5%, S2->S3=97.9%, S1->S3=94.3%
[2025-10-05 07:44:05,122][INFO] Iter 35000 | Loss: train=0.6056, val=1.4791 | Acc: S1->S2=97.5%, S2->S3=98.9%, S1->S3=97.2%
[2025-10-05 07:44:05,126][INFO] Checkpoint saved to out/unknown_unknown_d92_seed42_20251005_073422/ckpt_35000.pt
[2025-10-05 07:44:21,529][INFO] Iter 36000 | Loss: train=0.6057, val=1.4857 | Acc: S1->S2=95.0%, S2->S3=100.0%, S1->S3=99.1%
[2025-10-05 07:44:37,962][INFO] Iter 37000 | Loss: train=0.6052, val=1.4781 | Acc: S1->S2=95.0%, S2->S3=100.0%, S1->S3=97.2%
[2025-10-05 07:44:54,426][INFO] Iter 38000 | Loss: train=0.6052, val=1.4795 | Acc: S1->S2=95.0%, S2->S3=100.0%, S1->S3=98.1%
[2025-10-05 07:45:10,900][INFO] Iter 39000 | Loss: train=0.6050, val=1.4748 | Acc: S1->S2=93.8%, S2->S3=100.0%, S1->S3=97.2%
[2025-10-05 07:45:27,411][INFO] Iter 40000 | Loss: train=0.6051, val=1.4730 | Acc: S1->S2=97.5%, S2->S3=100.0%, S1->S3=98.1%
[2025-10-05 07:45:27,416][INFO] Checkpoint saved to out/unknown_unknown_d92_seed42_20251005_073422/ckpt_40000.pt
[2025-10-05 07:45:43,873][INFO] Iter 41000 | Loss: train=0.6050, val=1.4875 | Acc: S1->S2=95.0%, S2->S3=100.0%, S1->S3=96.2%
[2025-10-05 07:46:00,398][INFO] Iter 42000 | Loss: train=0.6050, val=1.4830 | Acc: S1->S2=97.5%, S2->S3=98.9%, S1->S3=96.2%
[2025-10-05 07:46:16,841][INFO] Iter 43000 | Loss: train=0.6050, val=1.4888 | Acc: S1->S2=96.2%, S2->S3=97.9%, S1->S3=93.4%
[2025-10-05 07:46:33,326][INFO] Iter 44000 | Loss: train=0.6044, val=1.4860 | Acc: S1->S2=96.2%, S2->S3=100.0%, S1->S3=96.2%
[2025-10-05 07:46:49,854][INFO] Iter 45000 | Loss: train=0.6050, val=1.4729 | Acc: S1->S2=97.5%, S2->S3=98.9%, S1->S3=96.2%
[2025-10-05 07:46:49,859][INFO] Checkpoint saved to out/unknown_unknown_d92_seed42_20251005_073422/ckpt_45000.pt
[2025-10-05 07:47:06,298][INFO] Iter 46000 | Loss: train=0.6046, val=1.4950 | Acc: S1->S2=97.5%, S2->S3=100.0%, S1->S3=98.1%
[2025-10-05 07:47:22,757][INFO] Iter 47000 | Loss: train=0.6044, val=1.4926 | Acc: S1->S2=98.8%, S2->S3=100.0%, S1->S3=97.2%
[2025-10-05 07:47:39,256][INFO] Iter 48000 | Loss: train=0.6054, val=1.4928 | Acc: S1->S2=95.0%, S2->S3=100.0%, S1->S3=98.1%
[2025-10-05 07:47:55,700][INFO] Iter 49000 | Loss: train=0.6048, val=1.4782 | Acc: S1->S2=97.5%, S2->S3=100.0%, S1->S3=98.1%
[2025-10-05 07:48:12,194][INFO] Iter 50000 | Loss: train=0.6047, val=1.4840 | Acc: S1->S2=97.5%, S2->S3=100.0%, S1->S3=98.1%
[2025-10-05 07:48:12,198][INFO] Checkpoint saved to out/unknown_unknown_d92_seed42_20251005_073422/ckpt_50000.pt
[2025-10-05 07:48:12,198][INFO] 
Training finished! Results are in: out/unknown_unknown_d92_seed42_20251005_073422
