[2025-10-08 22:33:35,834][INFO] ============================================================
[2025-10-08 22:33:35,834][INFO] Composition Training - Graph Repair Experiment
[2025-10-08 22:33:35,835][INFO] Experiment: G_C_high
[2025-10-08 22:33:35,835][INFO] Model: 1L-1H-92D
[2025-10-08 22:33:35,835][INFO] Data: data/graph_repair_experiment/G_C_high
[2025-10-08 22:33:35,835][INFO] Train file: train_alpine.bin
[2025-10-08 22:33:35,835][INFO] Output dir: out/G_C_high_d92_seed42_20251008_223335
[2025-10-08 22:33:35,835][INFO] ============================================================
[2025-10-08 22:33:35,840][INFO] Vocab size: 92, Block size: 64
[2025-10-08 22:33:36,540][INFO] Model initialized: 0.12M parameters
[2025-10-08 22:33:36,540][INFO] Starting training...
[2025-10-08 22:33:45,138][INFO] Iter     0 | Loss: train=nan, val=4.5545 | Acc: S1->S2=0.0%, S2->S3=0.0%, S1->S3=0.0%
[2025-10-08 22:34:01,932][INFO] Iter  1000 | Loss: train=2.5845, val=1.2193 | Acc: S1->S2=69.7%, S2->S3=63.8%, S1->S3=65.5%
[2025-10-08 22:34:18,868][INFO] Iter  2000 | Loss: train=1.0037, val=1.0093 | Acc: S1->S2=99.2%, S2->S3=99.4%, S1->S3=99.4%
[2025-10-08 22:34:35,831][INFO] Iter  3000 | Loss: train=0.9005, val=1.0046 | Acc: S1->S2=100.0%, S2->S3=99.4%, S1->S3=100.0%
[2025-10-08 22:34:52,819][INFO] Iter  4000 | Loss: train=0.8541, val=1.0480 | Acc: S1->S2=99.2%, S2->S3=99.4%, S1->S3=99.4%
[2025-10-08 22:35:09,694][INFO] Iter  5000 | Loss: train=0.8153, val=1.0714 | Acc: S1->S2=100.0%, S2->S3=100.0%, S1->S3=100.0%
[2025-10-08 22:35:09,700][INFO] Checkpoint saved to out/G_C_high_d92_seed42_20251008_223335/ckpt_5000.pt
[2025-10-08 22:35:26,595][INFO] Iter  6000 | Loss: train=0.7763, val=1.1386 | Acc: S1->S2=100.0%, S2->S3=100.0%, S1->S3=98.8%
[2025-10-08 22:35:43,509][INFO] Iter  7000 | Loss: train=0.7370, val=1.2003 | Acc: S1->S2=99.2%, S2->S3=99.4%, S1->S3=98.2%
[2025-10-08 22:36:00,487][INFO] Iter  8000 | Loss: train=0.7008, val=1.2649 | Acc: S1->S2=99.2%, S2->S3=99.4%, S1->S3=98.8%
[2025-10-08 22:36:17,429][INFO] Iter  9000 | Loss: train=0.6683, val=1.3114 | Acc: S1->S2=98.5%, S2->S3=99.4%, S1->S3=100.0%
[2025-10-08 22:36:34,327][INFO] Iter 10000 | Loss: train=0.6404, val=1.4008 | Acc: S1->S2=97.0%, S2->S3=98.8%, S1->S3=98.8%
[2025-10-08 22:36:34,333][INFO] Checkpoint saved to out/G_C_high_d92_seed42_20251008_223335/ckpt_10000.pt
[2025-10-08 22:36:51,256][INFO] Iter 11000 | Loss: train=0.6175, val=1.4538 | Acc: S1->S2=96.2%, S2->S3=100.0%, S1->S3=99.4%
[2025-10-08 22:37:08,369][INFO] Iter 12000 | Loss: train=0.5974, val=1.5146 | Acc: S1->S2=97.0%, S2->S3=100.0%, S1->S3=100.0%
[2025-10-08 22:37:25,698][INFO] Iter 13000 | Loss: train=0.5797, val=1.5810 | Acc: S1->S2=97.0%, S2->S3=98.8%, S1->S3=99.4%
[2025-10-08 22:37:42,957][INFO] Iter 14000 | Loss: train=0.5666, val=1.6271 | Acc: S1->S2=96.2%, S2->S3=100.0%, S1->S3=97.0%
[2025-10-08 22:38:00,050][INFO] Iter 15000 | Loss: train=0.5540, val=1.6617 | Acc: S1->S2=96.2%, S2->S3=98.8%, S1->S3=98.2%
[2025-10-08 22:38:00,054][INFO] Checkpoint saved to out/G_C_high_d92_seed42_20251008_223335/ckpt_15000.pt
[2025-10-08 22:38:16,930][INFO] Iter 16000 | Loss: train=0.5443, val=1.7212 | Acc: S1->S2=99.2%, S2->S3=100.0%, S1->S3=97.0%
[2025-10-08 22:38:33,745][INFO] Iter 17000 | Loss: train=0.5344, val=1.7396 | Acc: S1->S2=98.5%, S2->S3=100.0%, S1->S3=99.4%
[2025-10-08 22:38:50,605][INFO] Iter 18000 | Loss: train=0.5279, val=1.8276 | Acc: S1->S2=98.5%, S2->S3=99.4%, S1->S3=98.2%
[2025-10-08 22:39:07,804][INFO] Iter 19000 | Loss: train=0.5204, val=1.8355 | Acc: S1->S2=95.5%, S2->S3=99.4%, S1->S3=98.2%
[2025-10-08 22:39:25,272][INFO] Iter 20000 | Loss: train=0.5145, val=1.8628 | Acc: S1->S2=99.2%, S2->S3=99.4%, S1->S3=99.4%
[2025-10-08 22:39:25,276][INFO] Checkpoint saved to out/G_C_high_d92_seed42_20251008_223335/ckpt_20000.pt
[2025-10-08 22:39:42,460][INFO] Iter 21000 | Loss: train=0.5089, val=1.8754 | Acc: S1->S2=98.5%, S2->S3=99.4%, S1->S3=100.0%
[2025-10-08 22:39:59,715][INFO] Iter 22000 | Loss: train=0.5053, val=1.9044 | Acc: S1->S2=97.0%, S2->S3=100.0%, S1->S3=99.4%
[2025-10-08 22:40:16,329][INFO] Iter 23000 | Loss: train=0.5020, val=1.9975 | Acc: S1->S2=97.7%, S2->S3=100.0%, S1->S3=99.4%
[2025-10-08 22:40:33,094][INFO] Iter 24000 | Loss: train=0.4974, val=1.9790 | Acc: S1->S2=97.0%, S2->S3=100.0%, S1->S3=99.4%
[2025-10-08 22:40:49,769][INFO] Iter 25000 | Loss: train=0.4958, val=2.0026 | Acc: S1->S2=98.5%, S2->S3=100.0%, S1->S3=98.8%
[2025-10-08 22:40:49,773][INFO] Checkpoint saved to out/G_C_high_d92_seed42_20251008_223335/ckpt_25000.pt
[2025-10-08 22:41:06,460][INFO] Iter 26000 | Loss: train=0.4937, val=2.0464 | Acc: S1->S2=97.7%, S2->S3=99.4%, S1->S3=98.2%
[2025-10-08 22:41:23,298][INFO] Iter 27000 | Loss: train=0.4914, val=2.0565 | Acc: S1->S2=97.7%, S2->S3=100.0%, S1->S3=98.8%
[2025-10-08 22:41:40,198][INFO] Iter 28000 | Loss: train=0.4896, val=2.0769 | Acc: S1->S2=97.7%, S2->S3=99.4%, S1->S3=98.2%
[2025-10-08 22:41:56,952][INFO] Iter 29000 | Loss: train=0.4881, val=2.0826 | Acc: S1->S2=97.7%, S2->S3=99.4%, S1->S3=99.4%
[2025-10-08 22:42:13,759][INFO] Iter 30000 | Loss: train=0.4857, val=2.1060 | Acc: S1->S2=97.7%, S2->S3=99.4%, S1->S3=99.4%
[2025-10-08 22:42:13,764][INFO] Checkpoint saved to out/G_C_high_d92_seed42_20251008_223335/ckpt_30000.pt
[2025-10-08 22:42:30,639][INFO] Iter 31000 | Loss: train=0.4846, val=2.1459 | Acc: S1->S2=97.7%, S2->S3=100.0%, S1->S3=98.8%
[2025-10-08 22:42:47,476][INFO] Iter 32000 | Loss: train=0.4844, val=2.1652 | Acc: S1->S2=97.7%, S2->S3=100.0%, S1->S3=98.8%
[2025-10-08 22:43:04,456][INFO] Iter 33000 | Loss: train=0.4824, val=2.1807 | Acc: S1->S2=97.7%, S2->S3=100.0%, S1->S3=99.4%
[2025-10-08 22:43:21,405][INFO] Iter 34000 | Loss: train=0.4823, val=2.1657 | Acc: S1->S2=99.2%, S2->S3=100.0%, S1->S3=99.4%
[2025-10-08 22:43:38,309][INFO] Iter 35000 | Loss: train=0.4820, val=2.1836 | Acc: S1->S2=97.7%, S2->S3=100.0%, S1->S3=97.6%
[2025-10-08 22:43:38,314][INFO] Checkpoint saved to out/G_C_high_d92_seed42_20251008_223335/ckpt_35000.pt
[2025-10-08 22:43:55,244][INFO] Iter 36000 | Loss: train=0.4804, val=2.2210 | Acc: S1->S2=97.7%, S2->S3=98.8%, S1->S3=99.4%
[2025-10-08 22:44:12,192][INFO] Iter 37000 | Loss: train=0.4796, val=2.2397 | Acc: S1->S2=99.2%, S2->S3=98.8%, S1->S3=98.2%
[2025-10-08 22:44:29,047][INFO] Iter 38000 | Loss: train=0.4787, val=2.2104 | Acc: S1->S2=99.2%, S2->S3=100.0%, S1->S3=99.4%
[2025-10-08 22:44:45,797][INFO] Iter 39000 | Loss: train=0.4773, val=2.2197 | Acc: S1->S2=96.2%, S2->S3=100.0%, S1->S3=98.8%
[2025-10-08 22:45:02,369][INFO] Iter 40000 | Loss: train=0.4771, val=2.2441 | Acc: S1->S2=98.5%, S2->S3=100.0%, S1->S3=97.6%
[2025-10-08 22:45:02,373][INFO] Checkpoint saved to out/G_C_high_d92_seed42_20251008_223335/ckpt_40000.pt
[2025-10-08 22:45:19,120][INFO] Iter 41000 | Loss: train=0.4767, val=2.2207 | Acc: S1->S2=97.7%, S2->S3=99.4%, S1->S3=99.4%
[2025-10-08 22:45:35,991][INFO] Iter 42000 | Loss: train=0.4758, val=2.2062 | Acc: S1->S2=98.5%, S2->S3=99.4%, S1->S3=98.8%
[2025-10-08 22:45:52,884][INFO] Iter 43000 | Loss: train=0.4755, val=2.2674 | Acc: S1->S2=98.5%, S2->S3=98.8%, S1->S3=98.8%
[2025-10-08 22:46:09,660][INFO] Iter 44000 | Loss: train=0.4752, val=2.3000 | Acc: S1->S2=98.5%, S2->S3=100.0%, S1->S3=100.0%
[2025-10-08 22:46:26,526][INFO] Iter 45000 | Loss: train=0.4750, val=2.3063 | Acc: S1->S2=99.2%, S2->S3=99.4%, S1->S3=98.8%
[2025-10-08 22:46:26,530][INFO] Checkpoint saved to out/G_C_high_d92_seed42_20251008_223335/ckpt_45000.pt
[2025-10-08 22:46:43,499][INFO] Iter 46000 | Loss: train=0.4742, val=2.2818 | Acc: S1->S2=97.7%, S2->S3=100.0%, S1->S3=98.8%
[2025-10-08 22:47:00,331][INFO] Iter 47000 | Loss: train=0.4742, val=2.2511 | Acc: S1->S2=98.5%, S2->S3=100.0%, S1->S3=99.4%
[2025-10-08 22:47:17,217][INFO] Iter 48000 | Loss: train=0.4735, val=2.3226 | Acc: S1->S2=97.7%, S2->S3=100.0%, S1->S3=98.8%
[2025-10-08 22:47:34,050][INFO] Iter 49000 | Loss: train=0.4745, val=2.3425 | Acc: S1->S2=97.7%, S2->S3=99.4%, S1->S3=98.8%
[2025-10-08 22:47:50,784][INFO] Iter 50000 | Loss: train=0.4725, val=2.3648 | Acc: S1->S2=96.2%, S2->S3=100.0%, S1->S3=98.8%
[2025-10-08 22:47:50,788][INFO] Checkpoint saved to out/G_C_high_d92_seed42_20251008_223335/ckpt_50000.pt
[2025-10-08 22:47:50,788][INFO] 
Training finished! Results are in: out/G_C_high_d92_seed42_20251008_223335
