[2025-10-08 23:05:59,534][INFO] ============================================================
[2025-10-08 23:05:59,534][INFO] Composition Training - Graph Repair Experiment
[2025-10-08 23:05:59,534][INFO] Experiment: G_A_low
[2025-10-08 23:05:59,534][INFO] Model: 1L-1H-92D
[2025-10-08 23:05:59,534][INFO] Data: data/graph_repair_experiment/G_A_low
[2025-10-08 23:05:59,534][INFO] Train file: train_alpine.bin
[2025-10-08 23:05:59,534][INFO] Output dir: out/G_A_low_d92_seed42_20251008_230559
[2025-10-08 23:05:59,534][INFO] ============================================================
[2025-10-08 23:05:59,539][INFO] Vocab size: 92, Block size: 64
[2025-10-08 23:06:00,267][INFO] Model initialized: 0.12M parameters
[2025-10-08 23:06:00,268][INFO] Starting training...
[2025-10-08 23:06:09,353][INFO] Iter     0 | Loss: train=nan, val=4.5389 | Acc: S1->S2=0.0%, S2->S3=0.0%, S1->S3=0.0%
[2025-10-08 23:06:26,572][INFO] Iter  1000 | Loss: train=2.3532, val=0.9696 | Acc: S1->S2=92.2%, S2->S3=97.8%, S1->S3=97.1%
[2025-10-08 23:06:43,814][INFO] Iter  2000 | Loss: train=0.8192, val=0.8284 | Acc: S1->S2=100.0%, S2->S3=100.0%, S1->S3=100.0%
[2025-10-08 23:07:01,047][INFO] Iter  3000 | Loss: train=0.7564, val=0.8260 | Acc: S1->S2=100.0%, S2->S3=100.0%, S1->S3=100.0%
[2025-10-08 23:07:18,344][INFO] Iter  4000 | Loss: train=0.7312, val=0.8385 | Acc: S1->S2=100.0%, S2->S3=100.0%, S1->S3=100.0%
[2025-10-08 23:07:35,481][INFO] Iter  5000 | Loss: train=0.7066, val=0.8528 | Acc: S1->S2=100.0%, S2->S3=100.0%, S1->S3=100.0%
[2025-10-08 23:07:35,486][INFO] Checkpoint saved to out/G_A_low_d92_seed42_20251008_230559/ckpt_5000.pt
[2025-10-08 23:07:52,509][INFO] Iter  6000 | Loss: train=0.6830, val=0.8848 | Acc: S1->S2=99.2%, S2->S3=100.0%, S1->S3=99.3%
[2025-10-08 23:08:09,508][INFO] Iter  7000 | Loss: train=0.6572, val=0.9050 | Acc: S1->S2=99.2%, S2->S3=100.0%, S1->S3=100.0%
[2025-10-08 23:08:26,545][INFO] Iter  8000 | Loss: train=0.6341, val=0.9577 | Acc: S1->S2=100.0%, S2->S3=100.0%, S1->S3=99.3%
[2025-10-08 23:08:43,459][INFO] Iter  9000 | Loss: train=0.6123, val=0.9943 | Acc: S1->S2=99.2%, S2->S3=100.0%, S1->S3=100.0%
[2025-10-08 23:09:00,435][INFO] Iter 10000 | Loss: train=0.5931, val=1.0170 | Acc: S1->S2=99.6%, S2->S3=100.0%, S1->S3=99.3%
[2025-10-08 23:09:00,442][INFO] Checkpoint saved to out/G_A_low_d92_seed42_20251008_230559/ckpt_10000.pt
[2025-10-08 23:09:17,401][INFO] Iter 11000 | Loss: train=0.5757, val=1.0761 | Acc: S1->S2=98.8%, S2->S3=100.0%, S1->S3=100.0%
[2025-10-08 23:09:34,427][INFO] Iter 12000 | Loss: train=0.5614, val=1.1193 | Acc: S1->S2=100.0%, S2->S3=100.0%, S1->S3=100.0%
[2025-10-08 23:09:51,406][INFO] Iter 13000 | Loss: train=0.5485, val=1.1438 | Acc: S1->S2=98.8%, S2->S3=100.0%, S1->S3=99.3%
[2025-10-08 23:10:08,185][INFO] Iter 14000 | Loss: train=0.5376, val=1.1767 | Acc: S1->S2=98.8%, S2->S3=98.9%, S1->S3=100.0%
[2025-10-08 23:10:25,222][INFO] Iter 15000 | Loss: train=0.5287, val=1.1848 | Acc: S1->S2=99.6%, S2->S3=98.9%, S1->S3=100.0%
[2025-10-08 23:10:25,229][INFO] Checkpoint saved to out/G_A_low_d92_seed42_20251008_230559/ckpt_15000.pt
[2025-10-08 23:10:42,202][INFO] Iter 16000 | Loss: train=0.5204, val=1.2285 | Acc: S1->S2=98.4%, S2->S3=100.0%, S1->S3=99.3%
[2025-10-08 23:10:59,084][INFO] Iter 17000 | Loss: train=0.5138, val=1.2666 | Acc: S1->S2=98.8%, S2->S3=100.0%, S1->S3=99.3%
[2025-10-08 23:11:16,083][INFO] Iter 18000 | Loss: train=0.5089, val=1.3132 | Acc: S1->S2=100.0%, S2->S3=100.0%, S1->S3=100.0%
[2025-10-08 23:11:33,009][INFO] Iter 19000 | Loss: train=0.5042, val=1.3092 | Acc: S1->S2=100.0%, S2->S3=100.0%, S1->S3=100.0%
[2025-10-08 23:11:50,154][INFO] Iter 20000 | Loss: train=0.5012, val=1.3156 | Acc: S1->S2=99.2%, S2->S3=100.0%, S1->S3=100.0%
[2025-10-08 23:11:50,162][INFO] Checkpoint saved to out/G_A_low_d92_seed42_20251008_230559/ckpt_20000.pt
[2025-10-08 23:12:07,715][INFO] Iter 21000 | Loss: train=0.4985, val=1.3557 | Acc: S1->S2=100.0%, S2->S3=100.0%, S1->S3=100.0%
[2025-10-08 23:12:25,266][INFO] Iter 22000 | Loss: train=0.4949, val=1.3276 | Acc: S1->S2=100.0%, S2->S3=100.0%, S1->S3=100.0%
[2025-10-08 23:12:42,364][INFO] Iter 23000 | Loss: train=0.4932, val=1.3731 | Acc: S1->S2=100.0%, S2->S3=100.0%, S1->S3=100.0%
[2025-10-08 23:12:59,461][INFO] Iter 24000 | Loss: train=0.4913, val=1.3696 | Acc: S1->S2=100.0%, S2->S3=98.9%, S1->S3=97.8%
[2025-10-08 23:13:16,482][INFO] Iter 25000 | Loss: train=0.4898, val=1.4072 | Acc: S1->S2=99.6%, S2->S3=100.0%, S1->S3=99.3%
[2025-10-08 23:13:16,488][INFO] Checkpoint saved to out/G_A_low_d92_seed42_20251008_230559/ckpt_25000.pt
[2025-10-08 23:13:33,665][INFO] Iter 26000 | Loss: train=0.4886, val=1.3565 | Acc: S1->S2=100.0%, S2->S3=100.0%, S1->S3=100.0%
[2025-10-08 23:13:50,747][INFO] Iter 27000 | Loss: train=0.4870, val=1.3761 | Acc: S1->S2=100.0%, S2->S3=100.0%, S1->S3=97.8%
[2025-10-08 23:14:07,825][INFO] Iter 28000 | Loss: train=0.4863, val=1.4276 | Acc: S1->S2=100.0%, S2->S3=100.0%, S1->S3=100.0%
[2025-10-08 23:14:24,988][INFO] Iter 29000 | Loss: train=0.4847, val=1.3982 | Acc: S1->S2=99.6%, S2->S3=100.0%, S1->S3=100.0%
[2025-10-08 23:14:42,255][INFO] Iter 30000 | Loss: train=0.4842, val=1.4229 | Acc: S1->S2=99.6%, S2->S3=100.0%, S1->S3=100.0%
[2025-10-08 23:14:42,263][INFO] Checkpoint saved to out/G_A_low_d92_seed42_20251008_230559/ckpt_30000.pt
[2025-10-08 23:14:59,588][INFO] Iter 31000 | Loss: train=0.4830, val=1.4447 | Acc: S1->S2=98.8%, S2->S3=100.0%, S1->S3=100.0%
[2025-10-08 23:15:16,919][INFO] Iter 32000 | Loss: train=0.4825, val=1.4910 | Acc: S1->S2=100.0%, S2->S3=100.0%, S1->S3=100.0%
[2025-10-08 23:15:34,259][INFO] Iter 33000 | Loss: train=0.4816, val=1.4451 | Acc: S1->S2=100.0%, S2->S3=100.0%, S1->S3=100.0%
[2025-10-08 23:15:51,627][INFO] Iter 34000 | Loss: train=0.4815, val=1.4677 | Acc: S1->S2=100.0%, S2->S3=100.0%, S1->S3=100.0%
[2025-10-08 23:16:08,826][INFO] Iter 35000 | Loss: train=0.4800, val=1.4468 | Acc: S1->S2=100.0%, S2->S3=100.0%, S1->S3=100.0%
[2025-10-08 23:16:08,833][INFO] Checkpoint saved to out/G_A_low_d92_seed42_20251008_230559/ckpt_35000.pt
[2025-10-08 23:16:26,091][INFO] Iter 36000 | Loss: train=0.4796, val=1.4461 | Acc: S1->S2=100.0%, S2->S3=98.9%, S1->S3=100.0%
[2025-10-08 23:16:43,221][INFO] Iter 37000 | Loss: train=0.4800, val=1.4760 | Acc: S1->S2=100.0%, S2->S3=100.0%, S1->S3=98.5%
[2025-10-08 23:17:00,395][INFO] Iter 38000 | Loss: train=0.4788, val=1.4784 | Acc: S1->S2=100.0%, S2->S3=100.0%, S1->S3=99.3%
[2025-10-08 23:17:17,615][INFO] Iter 39000 | Loss: train=0.4794, val=1.4918 | Acc: S1->S2=100.0%, S2->S3=100.0%, S1->S3=100.0%
[2025-10-08 23:17:34,797][INFO] Iter 40000 | Loss: train=0.4783, val=1.5238 | Acc: S1->S2=100.0%, S2->S3=100.0%, S1->S3=100.0%
[2025-10-08 23:17:34,804][INFO] Checkpoint saved to out/G_A_low_d92_seed42_20251008_230559/ckpt_40000.pt
[2025-10-08 23:17:52,004][INFO] Iter 41000 | Loss: train=0.4781, val=1.4810 | Acc: S1->S2=100.0%, S2->S3=100.0%, S1->S3=100.0%
[2025-10-08 23:18:09,174][INFO] Iter 42000 | Loss: train=0.4776, val=1.4963 | Acc: S1->S2=99.6%, S2->S3=98.9%, S1->S3=99.3%
[2025-10-08 23:18:26,429][INFO] Iter 43000 | Loss: train=0.4777, val=1.4946 | Acc: S1->S2=100.0%, S2->S3=100.0%, S1->S3=100.0%
[2025-10-08 23:18:43,664][INFO] Iter 44000 | Loss: train=0.4769, val=1.4950 | Acc: S1->S2=100.0%, S2->S3=100.0%, S1->S3=100.0%
[2025-10-08 23:19:00,838][INFO] Iter 45000 | Loss: train=0.4767, val=1.4785 | Acc: S1->S2=100.0%, S2->S3=100.0%, S1->S3=100.0%
[2025-10-08 23:19:00,842][INFO] Checkpoint saved to out/G_A_low_d92_seed42_20251008_230559/ckpt_45000.pt
[2025-10-08 23:19:17,976][INFO] Iter 46000 | Loss: train=0.4760, val=1.4759 | Acc: S1->S2=99.2%, S2->S3=100.0%, S1->S3=100.0%
[2025-10-08 23:19:35,083][INFO] Iter 47000 | Loss: train=0.4760, val=1.5300 | Acc: S1->S2=100.0%, S2->S3=100.0%, S1->S3=100.0%
[2025-10-08 23:19:52,396][INFO] Iter 48000 | Loss: train=0.4763, val=1.5254 | Acc: S1->S2=99.6%, S2->S3=100.0%, S1->S3=100.0%
[2025-10-08 23:20:09,711][INFO] Iter 49000 | Loss: train=0.4755, val=1.4992 | Acc: S1->S2=99.6%, S2->S3=100.0%, S1->S3=100.0%
[2025-10-08 23:20:26,963][INFO] Iter 50000 | Loss: train=0.4753, val=1.5455 | Acc: S1->S2=100.0%, S2->S3=100.0%, S1->S3=100.0%
[2025-10-08 23:20:26,968][INFO] Checkpoint saved to out/G_A_low_d92_seed42_20251008_230559/ckpt_50000.pt
[2025-10-08 23:20:26,969][INFO] 
Training finished! Results are in: out/G_A_low_d92_seed42_20251008_230559
