[2025-10-08 22:48:46,857][INFO] ============================================================
[2025-10-08 22:48:46,857][INFO] Composition Training - Graph Repair Experiment
[2025-10-08 22:48:46,857][INFO] Experiment: G_B_low
[2025-10-08 22:48:46,857][INFO] Model: 1L-1H-92D
[2025-10-08 22:48:46,857][INFO] Data: data/graph_repair_experiment/G_B_low
[2025-10-08 22:48:46,857][INFO] Train file: train_alpine.bin
[2025-10-08 22:48:46,857][INFO] Output dir: out/G_B_low_d92_seed42_20251008_224846
[2025-10-08 22:48:46,857][INFO] ============================================================
[2025-10-08 22:48:46,862][INFO] Vocab size: 92, Block size: 32
[2025-10-08 22:48:47,577][INFO] Model initialized: 0.11M parameters
[2025-10-08 22:48:47,578][INFO] Starting training...
[2025-10-08 22:48:56,300][INFO] Iter     0 | Loss: train=nan, val=4.5633 | Acc: S1->S2=0.0%, S2->S3=0.0%, S1->S3=0.0%
[2025-10-08 22:49:12,307][INFO] Iter  1000 | Loss: train=2.3964, val=0.9383 | Acc: S1->S2=94.4%, S2->S3=95.7%, S1->S3=95.3%
[2025-10-08 22:49:28,366][INFO] Iter  2000 | Loss: train=0.7904, val=0.7919 | Acc: S1->S2=100.0%, S2->S3=100.0%, S1->S3=100.0%
[2025-10-08 22:49:44,399][INFO] Iter  3000 | Loss: train=0.7268, val=0.7970 | Acc: S1->S2=100.0%, S2->S3=100.0%, S1->S3=100.0%
[2025-10-08 22:50:00,368][INFO] Iter  4000 | Loss: train=0.7044, val=0.7943 | Acc: S1->S2=100.0%, S2->S3=100.0%, S1->S3=100.0%
[2025-10-08 22:50:16,249][INFO] Iter  5000 | Loss: train=0.6871, val=0.8200 | Acc: S1->S2=100.0%, S2->S3=100.0%, S1->S3=99.3%
[2025-10-08 22:50:16,256][INFO] Checkpoint saved to out/G_B_low_d92_seed42_20251008_224846/ckpt_5000.pt
[2025-10-08 22:50:32,202][INFO] Iter  6000 | Loss: train=0.6680, val=0.8520 | Acc: S1->S2=100.0%, S2->S3=100.0%, S1->S3=100.0%
[2025-10-08 22:50:48,185][INFO] Iter  7000 | Loss: train=0.6499, val=0.8840 | Acc: S1->S2=98.4%, S2->S3=100.0%, S1->S3=100.0%
[2025-10-08 22:51:04,272][INFO] Iter  8000 | Loss: train=0.6329, val=0.8947 | Acc: S1->S2=100.0%, S2->S3=100.0%, S1->S3=99.3%
[2025-10-08 22:51:20,251][INFO] Iter  9000 | Loss: train=0.6155, val=0.9184 | Acc: S1->S2=100.0%, S2->S3=100.0%, S1->S3=100.0%
[2025-10-08 22:51:36,349][INFO] Iter 10000 | Loss: train=0.6022, val=0.9402 | Acc: S1->S2=100.0%, S2->S3=100.0%, S1->S3=100.0%
[2025-10-08 22:51:36,354][INFO] Checkpoint saved to out/G_B_low_d92_seed42_20251008_224846/ckpt_10000.pt
[2025-10-08 22:51:52,278][INFO] Iter 11000 | Loss: train=0.5894, val=0.9798 | Acc: S1->S2=100.0%, S2->S3=100.0%, S1->S3=99.3%
[2025-10-08 22:52:08,172][INFO] Iter 12000 | Loss: train=0.5801, val=1.0113 | Acc: S1->S2=100.0%, S2->S3=100.0%, S1->S3=98.6%
[2025-10-08 22:52:24,240][INFO] Iter 13000 | Loss: train=0.5735, val=0.9935 | Acc: S1->S2=100.0%, S2->S3=100.0%, S1->S3=100.0%
[2025-10-08 22:52:40,254][INFO] Iter 14000 | Loss: train=0.5674, val=1.0108 | Acc: S1->S2=100.0%, S2->S3=100.0%, S1->S3=100.0%
[2025-10-08 22:52:56,215][INFO] Iter 15000 | Loss: train=0.5636, val=1.0407 | Acc: S1->S2=100.0%, S2->S3=100.0%, S1->S3=99.3%
[2025-10-08 22:52:56,219][INFO] Checkpoint saved to out/G_B_low_d92_seed42_20251008_224846/ckpt_15000.pt
[2025-10-08 22:53:12,243][INFO] Iter 16000 | Loss: train=0.5598, val=1.0600 | Acc: S1->S2=100.0%, S2->S3=99.5%, S1->S3=99.3%
[2025-10-08 22:53:28,290][INFO] Iter 17000 | Loss: train=0.5578, val=1.0609 | Acc: S1->S2=100.0%, S2->S3=100.0%, S1->S3=100.0%
[2025-10-08 22:53:44,344][INFO] Iter 18000 | Loss: train=0.5559, val=1.0866 | Acc: S1->S2=100.0%, S2->S3=99.5%, S1->S3=100.0%
[2025-10-08 22:54:00,321][INFO] Iter 19000 | Loss: train=0.5544, val=1.0942 | Acc: S1->S2=100.0%, S2->S3=100.0%, S1->S3=100.0%
[2025-10-08 22:54:16,299][INFO] Iter 20000 | Loss: train=0.5519, val=1.0728 | Acc: S1->S2=100.0%, S2->S3=100.0%, S1->S3=100.0%
[2025-10-08 22:54:16,303][INFO] Checkpoint saved to out/G_B_low_d92_seed42_20251008_224846/ckpt_20000.pt
[2025-10-08 22:54:32,381][INFO] Iter 21000 | Loss: train=0.5518, val=1.0807 | Acc: S1->S2=100.0%, S2->S3=100.0%, S1->S3=100.0%
[2025-10-08 22:54:48,333][INFO] Iter 22000 | Loss: train=0.5504, val=1.1011 | Acc: S1->S2=100.0%, S2->S3=100.0%, S1->S3=100.0%
[2025-10-08 22:55:04,337][INFO] Iter 23000 | Loss: train=0.5480, val=1.0841 | Acc: S1->S2=100.0%, S2->S3=100.0%, S1->S3=100.0%
[2025-10-08 22:55:20,340][INFO] Iter 24000 | Loss: train=0.5482, val=1.0965 | Acc: S1->S2=100.0%, S2->S3=99.5%, S1->S3=99.3%
[2025-10-08 22:55:36,411][INFO] Iter 25000 | Loss: train=0.5464, val=1.0978 | Acc: S1->S2=100.0%, S2->S3=99.5%, S1->S3=100.0%
[2025-10-08 22:55:36,415][INFO] Checkpoint saved to out/G_B_low_d92_seed42_20251008_224846/ckpt_25000.pt
[2025-10-08 22:55:52,257][INFO] Iter 26000 | Loss: train=0.5460, val=1.1128 | Acc: S1->S2=100.0%, S2->S3=99.5%, S1->S3=100.0%
[2025-10-08 22:56:08,088][INFO] Iter 27000 | Loss: train=0.5457, val=1.1075 | Acc: S1->S2=100.0%, S2->S3=99.5%, S1->S3=100.0%
[2025-10-08 22:56:23,989][INFO] Iter 28000 | Loss: train=0.5452, val=1.0919 | Acc: S1->S2=100.0%, S2->S3=99.5%, S1->S3=100.0%
[2025-10-08 22:56:39,999][INFO] Iter 29000 | Loss: train=0.5438, val=1.1063 | Acc: S1->S2=100.0%, S2->S3=99.5%, S1->S3=100.0%
[2025-10-08 22:56:55,984][INFO] Iter 30000 | Loss: train=0.5433, val=1.1221 | Acc: S1->S2=100.0%, S2->S3=99.5%, S1->S3=100.0%
[2025-10-08 22:56:55,988][INFO] Checkpoint saved to out/G_B_low_d92_seed42_20251008_224846/ckpt_30000.pt
[2025-10-08 22:57:12,037][INFO] Iter 31000 | Loss: train=0.5434, val=1.1550 | Acc: S1->S2=100.0%, S2->S3=99.5%, S1->S3=100.0%
[2025-10-08 22:57:28,059][INFO] Iter 32000 | Loss: train=0.5431, val=1.0994 | Acc: S1->S2=100.0%, S2->S3=99.5%, S1->S3=100.0%
[2025-10-08 22:57:44,468][INFO] Iter 33000 | Loss: train=0.5432, val=1.1209 | Acc: S1->S2=100.0%, S2->S3=99.5%, S1->S3=100.0%
[2025-10-08 22:58:00,548][INFO] Iter 34000 | Loss: train=0.5422, val=1.1196 | Acc: S1->S2=100.0%, S2->S3=99.5%, S1->S3=100.0%
[2025-10-08 22:58:17,331][INFO] Iter 35000 | Loss: train=0.5421, val=1.1249 | Acc: S1->S2=100.0%, S2->S3=99.5%, S1->S3=100.0%
[2025-10-08 22:58:17,358][INFO] Checkpoint saved to out/G_B_low_d92_seed42_20251008_224846/ckpt_35000.pt
[2025-10-08 22:58:35,621][INFO] Iter 36000 | Loss: train=0.5417, val=1.0851 | Acc: S1->S2=100.0%, S2->S3=99.5%, S1->S3=100.0%
[2025-10-08 22:58:53,993][INFO] Iter 37000 | Loss: train=0.5412, val=1.1387 | Acc: S1->S2=100.0%, S2->S3=100.0%, S1->S3=100.0%
[2025-10-08 22:59:10,536][INFO] Iter 38000 | Loss: train=0.5408, val=1.0988 | Acc: S1->S2=100.0%, S2->S3=99.5%, S1->S3=100.0%
[2025-10-08 22:59:26,411][INFO] Iter 39000 | Loss: train=0.5409, val=1.1392 | Acc: S1->S2=100.0%, S2->S3=100.0%, S1->S3=100.0%
[2025-10-08 22:59:42,350][INFO] Iter 40000 | Loss: train=0.5410, val=1.1149 | Acc: S1->S2=100.0%, S2->S3=99.5%, S1->S3=100.0%
[2025-10-08 22:59:42,355][INFO] Checkpoint saved to out/G_B_low_d92_seed42_20251008_224846/ckpt_40000.pt
[2025-10-08 22:59:58,272][INFO] Iter 41000 | Loss: train=0.5411, val=1.1390 | Acc: S1->S2=100.0%, S2->S3=99.5%, S1->S3=100.0%
[2025-10-08 23:00:14,169][INFO] Iter 42000 | Loss: train=0.5403, val=1.1509 | Acc: S1->S2=100.0%, S2->S3=99.5%, S1->S3=100.0%
[2025-10-08 23:00:31,426][INFO] Iter 43000 | Loss: train=0.5395, val=1.1295 | Acc: S1->S2=100.0%, S2->S3=99.5%, S1->S3=98.6%
[2025-10-08 23:00:52,436][INFO] Iter 44000 | Loss: train=0.5395, val=1.1234 | Acc: S1->S2=99.2%, S2->S3=99.5%, S1->S3=99.3%
[2025-10-08 23:01:12,166][INFO] Iter 45000 | Loss: train=0.5396, val=1.1188 | Acc: S1->S2=100.0%, S2->S3=99.5%, S1->S3=100.0%
[2025-10-08 23:01:12,173][INFO] Checkpoint saved to out/G_B_low_d92_seed42_20251008_224846/ckpt_45000.pt
[2025-10-08 23:01:28,010][INFO] Iter 46000 | Loss: train=0.5395, val=1.1180 | Acc: S1->S2=100.0%, S2->S3=100.0%, S1->S3=100.0%
[2025-10-08 23:01:43,684][INFO] Iter 47000 | Loss: train=0.5389, val=1.1320 | Acc: S1->S2=100.0%, S2->S3=100.0%, S1->S3=100.0%
[2025-10-08 23:01:59,753][INFO] Iter 48000 | Loss: train=0.5400, val=1.1286 | Acc: S1->S2=100.0%, S2->S3=100.0%, S1->S3=100.0%
[2025-10-08 23:02:17,272][INFO] Iter 49000 | Loss: train=0.5389, val=1.1231 | Acc: S1->S2=100.0%, S2->S3=99.5%, S1->S3=100.0%
[2025-10-08 23:02:35,763][INFO] Iter 50000 | Loss: train=0.5387, val=1.1347 | Acc: S1->S2=100.0%, S2->S3=100.0%, S1->S3=100.0%
[2025-10-08 23:02:35,769][INFO] Checkpoint saved to out/G_B_low_d92_seed42_20251008_224846/ckpt_50000.pt
[2025-10-08 23:02:35,769][INFO] 
Training finished! Results are in: out/G_B_low_d92_seed42_20251008_224846
