[2025-10-05 07:15:02,266][INFO] ============================================================
[2025-10-05 07:15:02,266][INFO] Composition Training - FINAL FIXED VERSION
[2025-10-05 07:15:02,266][INFO] Model: 1L-1H-92D
[2025-10-05 07:15:02,266][INFO] Data: data/simple_graph/trackB_0.0_alpine_nodirect_noself
[2025-10-05 07:15:02,266][INFO] Train file: train.bin
[2025-10-05 07:15:02,266][INFO] Output dir: out/unknown_unknown_d92_seed42_20251005_071502
[2025-10-05 07:15:02,266][INFO] ============================================================
[2025-10-05 07:15:02,269][INFO] Vocab size: 92, Block size: 32
[2025-10-05 07:15:03,056][INFO] Model initialized: 0.11M parameters
[2025-10-05 07:15:03,057][INFO] Starting training...
[2025-10-05 07:15:08,719][INFO] Iter     0 | Loss: train=nan, val=4.5559 | Acc: S1->S2=0.0%, S2->S3=0.0%, S1->S3=0.0%
[2025-10-05 07:15:25,783][INFO] Iter  1000 | Loss: train=2.3277, val=1.0653 | Acc: S1->S2=96.1%, S2->S3=100.0%, S1->S3=99.0%
[2025-10-05 07:15:42,794][INFO] Iter  2000 | Loss: train=0.6306, val=1.2849 | Acc: S1->S2=94.5%, S2->S3=100.0%, S1->S3=99.0%
[2025-10-05 07:15:59,855][INFO] Iter  3000 | Loss: train=0.5903, val=1.3716 | Acc: S1->S2=93.7%, S2->S3=100.0%, S1->S3=99.0%
[2025-10-05 07:16:16,785][INFO] Iter  4000 | Loss: train=0.5814, val=1.4367 | Acc: S1->S2=92.9%, S2->S3=100.0%, S1->S3=97.0%
[2025-10-05 07:16:33,703][INFO] Iter  5000 | Loss: train=0.5778, val=1.4715 | Acc: S1->S2=92.9%, S2->S3=100.0%, S1->S3=99.0%
[2025-10-05 07:16:33,708][INFO] Checkpoint saved to out/unknown_unknown_d92_seed42_20251005_071502/ckpt_5000.pt
[2025-10-05 07:16:50,594][INFO] Iter  6000 | Loss: train=0.5748, val=1.5091 | Acc: S1->S2=90.6%, S2->S3=100.0%, S1->S3=98.0%
[2025-10-05 07:17:07,463][INFO] Iter  7000 | Loss: train=0.5729, val=1.5258 | Acc: S1->S2=92.1%, S2->S3=100.0%, S1->S3=99.0%
[2025-10-05 07:17:24,407][INFO] Iter  8000 | Loss: train=0.5711, val=1.5698 | Acc: S1->S2=89.8%, S2->S3=98.9%, S1->S3=99.0%
[2025-10-05 07:17:41,362][INFO] Iter  9000 | Loss: train=0.5696, val=1.5633 | Acc: S1->S2=89.8%, S2->S3=98.9%, S1->S3=98.0%
[2025-10-05 07:17:58,256][INFO] Iter 10000 | Loss: train=0.5687, val=1.5871 | Acc: S1->S2=92.1%, S2->S3=100.0%, S1->S3=97.0%
[2025-10-05 07:17:58,261][INFO] Checkpoint saved to out/unknown_unknown_d92_seed42_20251005_071502/ckpt_10000.pt
[2025-10-05 07:18:15,209][INFO] Iter 11000 | Loss: train=0.5676, val=1.5860 | Acc: S1->S2=90.6%, S2->S3=98.9%, S1->S3=98.0%
[2025-10-05 07:18:32,156][INFO] Iter 12000 | Loss: train=0.5671, val=1.6018 | Acc: S1->S2=85.8%, S2->S3=100.0%, S1->S3=96.0%
[2025-10-05 07:18:49,114][INFO] Iter 13000 | Loss: train=0.5662, val=1.6053 | Acc: S1->S2=89.8%, S2->S3=98.9%, S1->S3=98.0%
[2025-10-05 07:19:06,018][INFO] Iter 14000 | Loss: train=0.5657, val=1.6212 | Acc: S1->S2=91.3%, S2->S3=97.8%, S1->S3=96.0%
[2025-10-05 07:19:22,948][INFO] Iter 15000 | Loss: train=0.5656, val=1.6169 | Acc: S1->S2=89.0%, S2->S3=96.7%, S1->S3=97.0%
[2025-10-05 07:19:22,953][INFO] Checkpoint saved to out/unknown_unknown_d92_seed42_20251005_071502/ckpt_15000.pt
[2025-10-05 07:19:39,925][INFO] Iter 16000 | Loss: train=0.5645, val=1.6014 | Acc: S1->S2=87.4%, S2->S3=97.8%, S1->S3=98.0%
[2025-10-05 07:19:56,932][INFO] Iter 17000 | Loss: train=0.5645, val=1.6257 | Acc: S1->S2=90.6%, S2->S3=97.8%, S1->S3=97.0%
[2025-10-05 07:20:14,004][INFO] Iter 18000 | Loss: train=0.5641, val=1.6234 | Acc: S1->S2=91.3%, S2->S3=96.7%, S1->S3=97.0%
[2025-10-05 07:20:31,096][INFO] Iter 19000 | Loss: train=0.5635, val=1.6405 | Acc: S1->S2=87.4%, S2->S3=100.0%, S1->S3=94.1%
[2025-10-05 07:20:48,159][INFO] Iter 20000 | Loss: train=0.5633, val=1.6495 | Acc: S1->S2=88.2%, S2->S3=97.8%, S1->S3=96.0%
[2025-10-05 07:20:48,164][INFO] Checkpoint saved to out/unknown_unknown_d92_seed42_20251005_071502/ckpt_20000.pt
[2025-10-05 07:21:05,262][INFO] Iter 21000 | Loss: train=0.5632, val=1.6429 | Acc: S1->S2=89.0%, S2->S3=97.8%, S1->S3=96.0%
[2025-10-05 07:21:22,299][INFO] Iter 22000 | Loss: train=0.5628, val=1.6437 | Acc: S1->S2=90.6%, S2->S3=97.8%, S1->S3=98.0%
[2025-10-05 07:21:39,340][INFO] Iter 23000 | Loss: train=0.5625, val=1.6504 | Acc: S1->S2=89.8%, S2->S3=98.9%, S1->S3=98.0%
[2025-10-05 07:21:56,475][INFO] Iter 24000 | Loss: train=0.5624, val=1.6558 | Acc: S1->S2=91.3%, S2->S3=97.8%, S1->S3=98.0%
[2025-10-05 07:22:13,520][INFO] Iter 25000 | Loss: train=0.5629, val=1.6622 | Acc: S1->S2=88.2%, S2->S3=98.9%, S1->S3=96.0%
[2025-10-05 07:22:13,525][INFO] Checkpoint saved to out/unknown_unknown_d92_seed42_20251005_071502/ckpt_25000.pt
[2025-10-05 07:22:30,566][INFO] Iter 26000 | Loss: train=0.5627, val=1.6615 | Acc: S1->S2=88.2%, S2->S3=97.8%, S1->S3=97.0%
[2025-10-05 07:22:47,672][INFO] Iter 27000 | Loss: train=0.5621, val=1.6551 | Acc: S1->S2=89.8%, S2->S3=98.9%, S1->S3=97.0%
[2025-10-05 07:23:04,714][INFO] Iter 28000 | Loss: train=0.5619, val=1.6529 | Acc: S1->S2=89.8%, S2->S3=100.0%, S1->S3=96.0%
[2025-10-05 07:23:21,672][INFO] Iter 29000 | Loss: train=0.5618, val=1.6504 | Acc: S1->S2=89.0%, S2->S3=98.9%, S1->S3=96.0%
[2025-10-05 07:23:38,595][INFO] Iter 30000 | Loss: train=0.5615, val=1.6360 | Acc: S1->S2=88.2%, S2->S3=100.0%, S1->S3=97.0%
[2025-10-05 07:23:38,599][INFO] Checkpoint saved to out/unknown_unknown_d92_seed42_20251005_071502/ckpt_30000.pt
[2025-10-05 07:23:55,516][INFO] Iter 31000 | Loss: train=0.5615, val=1.6691 | Acc: S1->S2=89.8%, S2->S3=100.0%, S1->S3=98.0%
[2025-10-05 07:24:12,590][INFO] Iter 32000 | Loss: train=0.5611, val=1.6813 | Acc: S1->S2=91.3%, S2->S3=98.9%, S1->S3=99.0%
[2025-10-05 07:24:29,783][INFO] Iter 33000 | Loss: train=0.5612, val=1.6827 | Acc: S1->S2=92.1%, S2->S3=97.8%, S1->S3=98.0%
[2025-10-05 07:24:46,813][INFO] Iter 34000 | Loss: train=0.5614, val=1.6712 | Acc: S1->S2=90.6%, S2->S3=100.0%, S1->S3=97.0%
[2025-10-05 07:25:03,982][INFO] Iter 35000 | Loss: train=0.5612, val=1.6608 | Acc: S1->S2=92.9%, S2->S3=98.9%, S1->S3=96.0%
[2025-10-05 07:25:03,987][INFO] Checkpoint saved to out/unknown_unknown_d92_seed42_20251005_071502/ckpt_35000.pt
[2025-10-05 07:25:21,208][INFO] Iter 36000 | Loss: train=0.5611, val=1.6794 | Acc: S1->S2=92.1%, S2->S3=97.8%, S1->S3=96.0%
[2025-10-05 07:25:38,445][INFO] Iter 37000 | Loss: train=0.5607, val=1.6724 | Acc: S1->S2=89.0%, S2->S3=98.9%, S1->S3=97.0%
[2025-10-05 07:25:55,535][INFO] Iter 38000 | Loss: train=0.5613, val=1.6773 | Acc: S1->S2=92.1%, S2->S3=96.7%, S1->S3=95.0%
[2025-10-05 07:26:12,608][INFO] Iter 39000 | Loss: train=0.5608, val=1.6613 | Acc: S1->S2=89.0%, S2->S3=95.7%, S1->S3=95.0%
[2025-10-05 07:26:29,671][INFO] Iter 40000 | Loss: train=0.5603, val=1.6669 | Acc: S1->S2=92.1%, S2->S3=97.8%, S1->S3=98.0%
[2025-10-05 07:26:29,675][INFO] Checkpoint saved to out/unknown_unknown_d92_seed42_20251005_071502/ckpt_40000.pt
[2025-10-05 07:26:46,682][INFO] Iter 41000 | Loss: train=0.5604, val=1.6798 | Acc: S1->S2=89.8%, S2->S3=98.9%, S1->S3=97.0%
[2025-10-05 07:27:03,626][INFO] Iter 42000 | Loss: train=0.5604, val=1.6800 | Acc: S1->S2=90.6%, S2->S3=96.7%, S1->S3=93.1%
[2025-10-05 07:27:20,876][INFO] Iter 43000 | Loss: train=0.5602, val=1.6786 | Acc: S1->S2=91.3%, S2->S3=96.7%, S1->S3=98.0%
[2025-10-05 07:27:37,989][INFO] Iter 44000 | Loss: train=0.5609, val=1.6711 | Acc: S1->S2=90.6%, S2->S3=96.7%, S1->S3=95.0%
[2025-10-05 07:27:55,074][INFO] Iter 45000 | Loss: train=0.5606, val=1.6793 | Acc: S1->S2=90.6%, S2->S3=98.9%, S1->S3=94.1%
[2025-10-05 07:27:55,078][INFO] Checkpoint saved to out/unknown_unknown_d92_seed42_20251005_071502/ckpt_45000.pt
[2025-10-05 07:28:12,116][INFO] Iter 46000 | Loss: train=0.5603, val=1.6742 | Acc: S1->S2=90.6%, S2->S3=98.9%, S1->S3=95.0%
[2025-10-05 07:28:29,192][INFO] Iter 47000 | Loss: train=0.5601, val=1.6855 | Acc: S1->S2=91.3%, S2->S3=94.6%, S1->S3=95.0%
[2025-10-05 07:28:46,241][INFO] Iter 48000 | Loss: train=0.5604, val=1.6811 | Acc: S1->S2=91.3%, S2->S3=97.8%, S1->S3=96.0%
[2025-10-05 07:29:03,311][INFO] Iter 49000 | Loss: train=0.5601, val=1.6901 | Acc: S1->S2=90.6%, S2->S3=98.9%, S1->S3=96.0%
[2025-10-05 07:29:20,392][INFO] Iter 50000 | Loss: train=0.5600, val=1.6633 | Acc: S1->S2=91.3%, S2->S3=97.8%, S1->S3=96.0%
[2025-10-05 07:29:20,397][INFO] Checkpoint saved to out/unknown_unknown_d92_seed42_20251005_071502/ckpt_50000.pt
[2025-10-05 07:29:20,397][INFO] 
Training finished! Results are in: out/unknown_unknown_d92_seed42_20251005_071502
