[2025-10-08 23:39:13,001][INFO] ============================================================
[2025-10-08 23:39:13,002][INFO] Composition Training - Graph Repair Experiment
[2025-10-08 23:39:13,002][INFO] Experiment: G_base
[2025-10-08 23:39:13,002][INFO] Model: 1L-1H-92D
[2025-10-08 23:39:13,002][INFO] Data: data/graph_repair_experiment/G_base
[2025-10-08 23:39:13,002][INFO] Train file: train_alpine.bin
[2025-10-08 23:39:13,002][INFO] Output dir: out/G_base_d92_seed42_20251008_233913
[2025-10-08 23:39:13,002][INFO] ============================================================
[2025-10-08 23:39:13,007][INFO] Vocab size: 92, Block size: 32
[2025-10-08 23:39:13,704][INFO] Model initialized: 0.11M parameters
[2025-10-08 23:39:13,705][INFO] Starting training...
[2025-10-08 23:39:23,047][INFO] Iter     0 | Loss: train=nan, val=4.5685 | Acc: S1->S2=0.0%, S2->S3=0.0%, S1->S3=0.0%
[2025-10-08 23:39:39,642][INFO] Iter  1000 | Loss: train=2.2807, val=0.7522 | Acc: S1->S2=98.9%, S2->S3=100.0%, S1->S3=100.0%
[2025-10-08 23:39:56,101][INFO] Iter  2000 | Loss: train=0.6629, val=0.6431 | Acc: S1->S2=100.0%, S2->S3=100.0%, S1->S3=100.0%
[2025-10-08 23:40:12,517][INFO] Iter  3000 | Loss: train=0.6310, val=0.6353 | Acc: S1->S2=100.0%, S2->S3=100.0%, S1->S3=100.0%
[2025-10-08 23:40:29,037][INFO] Iter  4000 | Loss: train=0.6235, val=0.6244 | Acc: S1->S2=100.0%, S2->S3=100.0%, S1->S3=100.0%
[2025-10-08 23:40:45,598][INFO] Iter  5000 | Loss: train=0.6196, val=0.6389 | Acc: S1->S2=100.0%, S2->S3=100.0%, S1->S3=100.0%
[2025-10-08 23:40:45,604][INFO] Checkpoint saved to out/G_base_d92_seed42_20251008_233913/ckpt_5000.pt
[2025-10-08 23:41:02,121][INFO] Iter  6000 | Loss: train=0.6166, val=0.6428 | Acc: S1->S2=100.0%, S2->S3=100.0%, S1->S3=100.0%
[2025-10-08 23:41:18,770][INFO] Iter  7000 | Loss: train=0.6143, val=0.6437 | Acc: S1->S2=100.0%, S2->S3=100.0%, S1->S3=100.0%
[2025-10-08 23:41:35,306][INFO] Iter  8000 | Loss: train=0.6125, val=0.6396 | Acc: S1->S2=100.0%, S2->S3=100.0%, S1->S3=100.0%
[2025-10-08 23:41:51,834][INFO] Iter  9000 | Loss: train=0.6108, val=0.6460 | Acc: S1->S2=100.0%, S2->S3=100.0%, S1->S3=100.0%
[2025-10-08 23:42:08,376][INFO] Iter 10000 | Loss: train=0.6102, val=0.6433 | Acc: S1->S2=100.0%, S2->S3=100.0%, S1->S3=100.0%
[2025-10-08 23:42:08,381][INFO] Checkpoint saved to out/G_base_d92_seed42_20251008_233913/ckpt_10000.pt
[2025-10-08 23:42:24,933][INFO] Iter 11000 | Loss: train=0.6082, val=0.6393 | Acc: S1->S2=100.0%, S2->S3=100.0%, S1->S3=100.0%
[2025-10-08 23:42:41,587][INFO] Iter 12000 | Loss: train=0.6073, val=0.6376 | Acc: S1->S2=100.0%, S2->S3=100.0%, S1->S3=100.0%
[2025-10-08 23:42:58,275][INFO] Iter 13000 | Loss: train=0.6060, val=0.6515 | Acc: S1->S2=100.0%, S2->S3=100.0%, S1->S3=100.0%
[2025-10-08 23:43:14,826][INFO] Iter 14000 | Loss: train=0.6056, val=0.6403 | Acc: S1->S2=100.0%, S2->S3=100.0%, S1->S3=100.0%
[2025-10-08 23:43:31,512][INFO] Iter 15000 | Loss: train=0.6048, val=0.6325 | Acc: S1->S2=100.0%, S2->S3=100.0%, S1->S3=100.0%
[2025-10-08 23:43:31,517][INFO] Checkpoint saved to out/G_base_d92_seed42_20251008_233913/ckpt_15000.pt
[2025-10-08 23:43:48,275][INFO] Iter 16000 | Loss: train=0.6043, val=0.6450 | Acc: S1->S2=100.0%, S2->S3=100.0%, S1->S3=100.0%
[2025-10-08 23:44:04,922][INFO] Iter 17000 | Loss: train=0.6041, val=0.6373 | Acc: S1->S2=100.0%, S2->S3=100.0%, S1->S3=100.0%
[2025-10-08 23:44:21,594][INFO] Iter 18000 | Loss: train=0.6032, val=0.6446 | Acc: S1->S2=100.0%, S2->S3=100.0%, S1->S3=100.0%
[2025-10-08 23:44:38,230][INFO] Iter 19000 | Loss: train=0.6031, val=0.6474 | Acc: S1->S2=100.0%, S2->S3=100.0%, S1->S3=100.0%
[2025-10-08 23:44:54,983][INFO] Iter 20000 | Loss: train=0.6028, val=0.6400 | Acc: S1->S2=100.0%, S2->S3=100.0%, S1->S3=100.0%
[2025-10-08 23:44:54,988][INFO] Checkpoint saved to out/G_base_d92_seed42_20251008_233913/ckpt_20000.pt
[2025-10-08 23:45:11,711][INFO] Iter 21000 | Loss: train=0.6019, val=0.6514 | Acc: S1->S2=100.0%, S2->S3=100.0%, S1->S3=100.0%
[2025-10-08 23:45:28,376][INFO] Iter 22000 | Loss: train=0.6025, val=0.6598 | Acc: S1->S2=100.0%, S2->S3=100.0%, S1->S3=100.0%
[2025-10-08 23:45:45,111][INFO] Iter 23000 | Loss: train=0.6018, val=0.6423 | Acc: S1->S2=100.0%, S2->S3=100.0%, S1->S3=100.0%
[2025-10-08 23:46:01,824][INFO] Iter 24000 | Loss: train=0.6016, val=0.6563 | Acc: S1->S2=100.0%, S2->S3=100.0%, S1->S3=100.0%
[2025-10-08 23:46:18,642][INFO] Iter 25000 | Loss: train=0.6015, val=0.6365 | Acc: S1->S2=100.0%, S2->S3=100.0%, S1->S3=100.0%
[2025-10-08 23:46:18,647][INFO] Checkpoint saved to out/G_base_d92_seed42_20251008_233913/ckpt_25000.pt
[2025-10-08 23:46:35,583][INFO] Iter 26000 | Loss: train=0.6017, val=0.6450 | Acc: S1->S2=100.0%, S2->S3=100.0%, S1->S3=100.0%
[2025-10-08 23:46:52,381][INFO] Iter 27000 | Loss: train=0.6018, val=0.6549 | Acc: S1->S2=100.0%, S2->S3=100.0%, S1->S3=100.0%
[2025-10-08 23:47:09,326][INFO] Iter 28000 | Loss: train=0.6015, val=0.6426 | Acc: S1->S2=100.0%, S2->S3=100.0%, S1->S3=100.0%
[2025-10-08 23:47:26,155][INFO] Iter 29000 | Loss: train=0.6012, val=0.6514 | Acc: S1->S2=100.0%, S2->S3=100.0%, S1->S3=100.0%
[2025-10-08 23:47:42,984][INFO] Iter 30000 | Loss: train=0.6006, val=0.6530 | Acc: S1->S2=100.0%, S2->S3=100.0%, S1->S3=100.0%
[2025-10-08 23:47:42,989][INFO] Checkpoint saved to out/G_base_d92_seed42_20251008_233913/ckpt_30000.pt
[2025-10-08 23:47:59,747][INFO] Iter 31000 | Loss: train=0.6007, val=0.6472 | Acc: S1->S2=100.0%, S2->S3=100.0%, S1->S3=100.0%
[2025-10-08 23:48:16,534][INFO] Iter 32000 | Loss: train=0.6002, val=0.6459 | Acc: S1->S2=100.0%, S2->S3=100.0%, S1->S3=100.0%
[2025-10-08 23:48:33,371][INFO] Iter 33000 | Loss: train=0.6006, val=0.6453 | Acc: S1->S2=100.0%, S2->S3=100.0%, S1->S3=100.0%
[2025-10-08 23:48:50,149][INFO] Iter 34000 | Loss: train=0.6002, val=0.6450 | Acc: S1->S2=100.0%, S2->S3=100.0%, S1->S3=100.0%
[2025-10-08 23:49:06,803][INFO] Iter 35000 | Loss: train=0.6001, val=0.6495 | Acc: S1->S2=100.0%, S2->S3=100.0%, S1->S3=100.0%
[2025-10-08 23:49:06,808][INFO] Checkpoint saved to out/G_base_d92_seed42_20251008_233913/ckpt_35000.pt
[2025-10-08 23:49:23,502][INFO] Iter 36000 | Loss: train=0.5996, val=0.6534 | Acc: S1->S2=100.0%, S2->S3=100.0%, S1->S3=100.0%
[2025-10-08 23:49:40,127][INFO] Iter 37000 | Loss: train=0.5999, val=0.6557 | Acc: S1->S2=100.0%, S2->S3=100.0%, S1->S3=100.0%
[2025-10-08 23:49:56,761][INFO] Iter 38000 | Loss: train=0.5999, val=0.6474 | Acc: S1->S2=100.0%, S2->S3=100.0%, S1->S3=100.0%
[2025-10-08 23:50:13,370][INFO] Iter 39000 | Loss: train=0.6004, val=0.6500 | Acc: S1->S2=100.0%, S2->S3=100.0%, S1->S3=100.0%
[2025-10-08 23:50:30,034][INFO] Iter 40000 | Loss: train=0.5995, val=0.6435 | Acc: S1->S2=100.0%, S2->S3=100.0%, S1->S3=100.0%
[2025-10-08 23:50:30,039][INFO] Checkpoint saved to out/G_base_d92_seed42_20251008_233913/ckpt_40000.pt
[2025-10-08 23:50:46,694][INFO] Iter 41000 | Loss: train=0.5995, val=0.6500 | Acc: S1->S2=100.0%, S2->S3=100.0%, S1->S3=100.0%
[2025-10-08 23:51:03,324][INFO] Iter 42000 | Loss: train=0.6006, val=0.6606 | Acc: S1->S2=100.0%, S2->S3=100.0%, S1->S3=100.0%
[2025-10-08 23:51:20,006][INFO] Iter 43000 | Loss: train=0.5995, val=0.6472 | Acc: S1->S2=100.0%, S2->S3=100.0%, S1->S3=100.0%
[2025-10-08 23:51:36,778][INFO] Iter 44000 | Loss: train=0.5994, val=0.6574 | Acc: S1->S2=100.0%, S2->S3=100.0%, S1->S3=100.0%
[2025-10-08 23:51:53,398][INFO] Iter 45000 | Loss: train=0.5995, val=0.6636 | Acc: S1->S2=100.0%, S2->S3=100.0%, S1->S3=100.0%
[2025-10-08 23:51:53,403][INFO] Checkpoint saved to out/G_base_d92_seed42_20251008_233913/ckpt_45000.pt
[2025-10-08 23:52:09,994][INFO] Iter 46000 | Loss: train=0.5996, val=0.6543 | Acc: S1->S2=100.0%, S2->S3=100.0%, S1->S3=100.0%
[2025-10-08 23:52:26,486][INFO] Iter 47000 | Loss: train=0.5997, val=0.6615 | Acc: S1->S2=100.0%, S2->S3=100.0%, S1->S3=100.0%
[2025-10-08 23:52:42,995][INFO] Iter 48000 | Loss: train=0.5991, val=0.6590 | Acc: S1->S2=100.0%, S2->S3=100.0%, S1->S3=100.0%
[2025-10-08 23:52:59,495][INFO] Iter 49000 | Loss: train=0.5993, val=0.6584 | Acc: S1->S2=100.0%, S2->S3=100.0%, S1->S3=100.0%
[2025-10-08 23:53:16,089][INFO] Iter 50000 | Loss: train=0.5988, val=0.6376 | Acc: S1->S2=100.0%, S2->S3=100.0%, S1->S3=100.0%
[2025-10-08 23:53:16,094][INFO] Checkpoint saved to out/G_base_d92_seed42_20251008_233913/ckpt_50000.pt
[2025-10-08 23:53:16,094][INFO] 
Training finished! Results are in: out/G_base_d92_seed42_20251008_233913
